../Core/Src/lcd.c:48:6:vLcdInitLcd	32	static
../Core/Src/lcd.c:88:6:vLcdWriteData	16	static
../Core/Src/lcd.c:101:6:vLcdSendCommand	16	static
../Core/Src/lcd.c:115:6:vLcdSetCursor	24	static
../Core/Src/lcd.c:140:6:vLcdWriteString	16	static
../Core/Src/lcd.c:155:6:vLcdDummyText	8	static
../Core/Src/lcd.c:178:6:vLcdTestDisplay	8	static
../Core/Src/lcd.c:201:6:vLcdTestDisplayCounter	32	static
../Core/Src/lcd.c:218:6:vLcdDisplayTemperature	16	static
../Core/Src/lcd.c:233:6:vPIDOnLCD	24	static
../Core/Src/lcd.c:263:13:vLcdWrite2Lcd	24	static
../Core/Src/lcd.c:317:6:vLcdBacklightOFF	4	static
../Core/Src/lcd.c:320:6:vLcdBacklightON	4	static
