../Core/Src/stm32g4xx_it.c:77:6:NMI_Handler	4	static
../Core/Src/stm32g4xx_it.c:92:6:HardFault_Handler	4	static
../Core/Src/stm32g4xx_it.c:107:6:MemManage_Handler	4	static
../Core/Src/stm32g4xx_it.c:122:6:BusFault_Handler	4	static
../Core/Src/stm32g4xx_it.c:137:6:UsageFault_Handler	4	static
../Core/Src/stm32g4xx_it.c:152:6:SVC_Handler	4	static
../Core/Src/stm32g4xx_it.c:165:6:DebugMon_Handler	4	static
../Core/Src/stm32g4xx_it.c:178:6:PendSV_Handler	4	static
../Core/Src/stm32g4xx_it.c:191:6:SysTick_Handler	8	static
../Core/Src/stm32g4xx_it.c:212:6:DMA1_Channel3_IRQHandler	8	static
../Core/Src/stm32g4xx_it.c:226:6:DMA1_Channel4_IRQHandler	8	static
../Core/Src/stm32g4xx_it.c:240:6:TIM1_UP_TIM16_IRQHandler	8	static
../Core/Src/stm32g4xx_it.c:255:6:TIM1_TRG_COM_TIM17_IRQHandler	8	static
../Core/Src/stm32g4xx_it.c:270:6:TIM3_IRQHandler	8	static
../Core/Src/stm32g4xx_it.c:284:6:I2C2_EV_IRQHandler	8	static
../Core/Src/stm32g4xx_it.c:298:6:I2C2_ER_IRQHandler	8	static
../Core/Src/stm32g4xx_it.c:312:6:USART3_IRQHandler	8	static
../Core/Src/stm32g4xx_it.c:326:6:EXTI15_10_IRQHandler	8	static
../Core/Src/stm32g4xx_it.c:340:6:TIM5_IRQHandler	8	static
