../Core/Src/stm32g4xx_it.c:80:6:NMI_Handler	4	static
../Core/Src/stm32g4xx_it.c:95:6:HardFault_Handler	4	static
../Core/Src/stm32g4xx_it.c:110:6:MemManage_Handler	4	static
../Core/Src/stm32g4xx_it.c:125:6:BusFault_Handler	4	static
../Core/Src/stm32g4xx_it.c:140:6:UsageFault_Handler	4	static
../Core/Src/stm32g4xx_it.c:155:6:SVC_Handler	4	static
../Core/Src/stm32g4xx_it.c:168:6:DebugMon_Handler	4	static
../Core/Src/stm32g4xx_it.c:181:6:PendSV_Handler	4	static
../Core/Src/stm32g4xx_it.c:194:6:SysTick_Handler	8	static
../Core/Src/stm32g4xx_it.c:215:6:DMA1_Channel3_IRQHandler	8	static
../Core/Src/stm32g4xx_it.c:229:6:DMA1_Channel4_IRQHandler	8	static
../Core/Src/stm32g4xx_it.c:243:6:TIM1_UP_TIM16_IRQHandler	8	static
../Core/Src/stm32g4xx_it.c:258:6:TIM1_TRG_COM_TIM17_IRQHandler	8	static
../Core/Src/stm32g4xx_it.c:273:6:TIM2_IRQHandler	8	static
../Core/Src/stm32g4xx_it.c:287:6:TIM3_IRQHandler	8	static
../Core/Src/stm32g4xx_it.c:301:6:I2C2_EV_IRQHandler	8	static
../Core/Src/stm32g4xx_it.c:315:6:I2C2_ER_IRQHandler	8	static
../Core/Src/stm32g4xx_it.c:329:6:USART1_IRQHandler	8	static
../Core/Src/stm32g4xx_it.c:343:6:USART3_IRQHandler	8	static
../Core/Src/stm32g4xx_it.c:357:6:EXTI15_10_IRQHandler	8	static
../Core/Src/stm32g4xx_it.c:371:6:TIM5_IRQHandler	8	static
../Core/Src/stm32g4xx_it.c:385:6:TIM6_DAC_IRQHandler	8	static
