../Core/Src/tim.c:35:6:MX_TIM1_Init	104	static
../Core/Src/tim.c:106:6:MX_TIM3_Init	56	static
../Core/Src/tim.c:159:6:MX_TIM5_Init	40	static
../Core/Src/tim.c:199:6:MX_TIM6_Init	24	static
../Core/Src/tim.c:232:6:MX_TIM17_Init	8	static
../Core/Src/tim.c:259:6:MX_TIM20_Init	120	static
../Core/Src/tim.c:336:6:HAL_TIM_PWM_MspInit	24	static
../Core/Src/tim.c:356:6:HAL_TIM_Base_MspInit	64	static
../Core/Src/tim.c:443:6:HAL_TIM_MspPostInit	48	static
../Core/Src/tim.c:492:6:HAL_TIM_PWM_MspDeInit	16	static
../Core/Src/tim.c:518:6:HAL_TIM_Base_MspDeInit	16	static
