20:46:37 **** Incremental Build of configuration Debug for project Carro Seguidor ****
make -j16 all 
arm-none-eabi-gcc "../Core/Src/commStateMachine.c" -mcpu=cortex-m4 -std=gnu11 -g3 -DDEBUG -DUSE_HAL_DRIVER -DSTM32G474xx -c -I../Core/Inc -I../Drivers/STM32G4xx_HAL_Driver/Inc -I../Drivers/STM32G4xx_HAL_Driver/Inc/Legacy -I../Drivers/CMSIS/Device/ST/STM32G4xx/Include -I../Drivers/CMSIS/Include -O0 -ffunction-sections -fdata-sections -Wall -fstack-usage -fcyclomatic-complexity -MMD -MP -MF"Core/Src/commStateMachine.d" -MT"Core/Src/commStateMachine.o" --specs=nano.specs -mfpu=fpv4-sp-d16 -mfloat-abi=hard -mthumb -o "Core/Src/commStateMachine.o"
../Core/Src/commStateMachine.c: In function 'HAL_UART_RxCpltCallback':
../Core/Src/commStateMachine.c:168:92: warning: passing argument 2 of 'vCommStateMachineSetParam' from incompatible pointer type [-Wincompatible-pointer-types]
  168 |                                                         vCommStateMachineSetParam(ucParam, &ucValue);
      |                                                                                            ^~~~~~~~
      |                                                                                            |
      |                                                                                            unsigned char (*)[8]
In file included from ../Core/Src/commStateMachine.c:38:
../Core/Inc/commStateMachine.h:37:71: note: expected 'unsigned char *' but argument is of type 'unsigned char (*)[8]'
   37 | void vCommStateMachineSetParam(unsigned char ucParam, unsigned char * pValue);
      |                                                       ~~~~~~~~~~~~~~~~^~~~~~
../Core/Src/commStateMachine.c:182:112: warning: passing argument 2 of 'vCommStateMachineSendMessage' from incompatible pointer type [-Wincompatible-pointer-types]
  182 |                                                         vCommStateMachineSendMessage(pBluetoothControllerUART, &ucValue);
      |                                                                                                                ^~~~~~~~
      |                                                                                                                |
      |                                                                                                                unsigned char (*)[8]
../Core/Inc/commStateMachine.h:44:79: note: expected 'unsigned char *' but argument is of type 'unsigned char (*)[8]'
   44 | void vCommStateMachineSendMessage (UART_HandleTypeDef * huart, unsigned char* ucMessage);
      |                                                                ~~~~~~~~~~~~~~~^~~~~~~~~
../Core/Src/commStateMachine.c: In function 'vCommStateMachineReturnParam':
../Core/Src/commStateMachine.c:220:88: warning: pointer targets in passing argument 2 of 'vCommStateMachineSendMessage' differ in signedness [-Wpointer-sign]
  220 |                                 vCommStateMachineSendMessage(pBluetoothControllerUART, pMessage);
      |                                                                                        ^~~~~~~~
      |                                                                                        |
      |                                                                                        char *
../Core/Inc/commStateMachine.h:44:79: note: expected 'unsigned char *' but argument is of type 'char *'
   44 | void vCommStateMachineSendMessage (UART_HandleTypeDef * huart, unsigned char* ucMessage);
      |                                                                ~~~~~~~~~~~~~~~^~~~~~~~~
../Core/Src/commStateMachine.c:224:88: warning: pointer targets in passing argument 2 of 'vCommStateMachineSendMessage' differ in signedness [-Wpointer-sign]
  224 |                                 vCommStateMachineSendMessage(pBluetoothControllerUART, pMessage);
      |                                                                                        ^~~~~~~~
      |                                                                                        |
      |                                                                                        char *
../Core/Inc/commStateMachine.h:44:79: note: expected 'unsigned char *' but argument is of type 'char *'
   44 | void vCommStateMachineSendMessage (UART_HandleTypeDef * huart, unsigned char* ucMessage);
      |                                                                ~~~~~~~~~~~~~~~^~~~~~~~~
../Core/Src/commStateMachine.c:228:88: warning: pointer targets in passing argument 2 of 'vCommStateMachineSendMessage' differ in signedness [-Wpointer-sign]
  228 |                                 vCommStateMachineSendMessage(pBluetoothControllerUART, pMessage);
      |                                                                                        ^~~~~~~~
      |                                                                                        |
      |                                                                                        char *
../Core/Inc/commStateMachine.h:44:79: note: expected 'unsigned char *' but argument is of type 'char *'
   44 | void vCommStateMachineSendMessage (UART_HandleTypeDef * huart, unsigned char* ucMessage);
      |                                                                ~~~~~~~~~~~~~~~^~~~~~~~~
../Core/Src/commStateMachine.c:232:88: warning: pointer targets in passing argument 2 of 'vCommStateMachineSendMessage' differ in signedness [-Wpointer-sign]
  232 |                                 vCommStateMachineSendMessage(pBluetoothControllerUART, pMessage);
      |                                                                                        ^~~~~~~~
      |                                                                                        |
      |                                                                                        char *
../Core/Inc/commStateMachine.h:44:79: note: expected 'unsigned char *' but argument is of type 'char *'
   44 | void vCommStateMachineSendMessage (UART_HandleTypeDef * huart, unsigned char* ucMessage);
      |                                                                ~~~~~~~~~~~~~~~^~~~~~~~~
../Core/Src/commStateMachine.c:236:88: warning: pointer targets in passing argument 2 of 'vCommStateMachineSendMessage' differ in signedness [-Wpointer-sign]
  236 |                                 vCommStateMachineSendMessage(pBluetoothControllerUART, pMessage);
      |                                                                                        ^~~~~~~~
      |                                                                                        |
      |                                                                                        char *
../Core/Inc/commStateMachine.h:44:79: note: expected 'unsigned char *' but argument is of type 'char *'
   44 | void vCommStateMachineSendMessage (UART_HandleTypeDef * huart, unsigned char* ucMessage);
      |                                                                ~~~~~~~~~~~~~~~^~~~~~~~~
../Core/Src/commStateMachine.c:240:88: warning: pointer targets in passing argument 2 of 'vCommStateMachineSendMessage' differ in signedness [-Wpointer-sign]
  240 |                                 vCommStateMachineSendMessage(pBluetoothControllerUART, pMessage);
      |                                                                                        ^~~~~~~~
      |                                                                                        |
      |                                                                                        char *
../Core/Inc/commStateMachine.h:44:79: note: expected 'unsigned char *' but argument is of type 'char *'
   44 | void vCommStateMachineSendMessage (UART_HandleTypeDef * huart, unsigned char* ucMessage);
      |                                                                ~~~~~~~~~~~~~~~^~~~~~~~~
../Core/Src/commStateMachine.c:244:88: warning: pointer targets in passing argument 2 of 'vCommStateMachineSendMessage' differ in signedness [-Wpointer-sign]
  244 |                                 vCommStateMachineSendMessage(pBluetoothControllerUART, pMessage);
      |                                                                                        ^~~~~~~~
      |                                                                                        |
      |                                                                                        char *
../Core/Inc/commStateMachine.h:44:79: note: expected 'unsigned char *' but argument is of type 'char *'
   44 | void vCommStateMachineSendMessage (UART_HandleTypeDef * huart, unsigned char* ucMessage);
      |                                                                ~~~~~~~~~~~~~~~^~~~~~~~~
../Core/Src/commStateMachine.c:248:88: warning: pointer targets in passing argument 2 of 'vCommStateMachineSendMessage' differ in signedness [-Wpointer-sign]
  248 |                                 vCommStateMachineSendMessage(pBluetoothControllerUART, pMessage);
      |                                                                                        ^~~~~~~~
      |                                                                                        |
      |                                                                                        char *
../Core/Inc/commStateMachine.h:44:79: note: expected 'unsigned char *' but argument is of type 'char *'
   44 | void vCommStateMachineSendMessage (UART_HandleTypeDef * huart, unsigned char* ucMessage);
      |                                                                ~~~~~~~~~~~~~~~^~~~~~~~~
../Core/Src/commStateMachine.c:255:72: warning: pointer targets in passing argument 2 of 'vCommStateMachineSendMessage' differ in signedness [-Wpointer-sign]
  255 |                                 vCommStateMachineSendMessage(pV2VUART, "#gl;");
      |                                                                        ^~~~~~
      |                                                                        |
      |                                                                        char *
../Core/Inc/commStateMachine.h:44:79: note: expected 'unsigned char *' but argument is of type 'char *'
   44 | void vCommStateMachineSendMessage (UART_HandleTypeDef * huart, unsigned char* ucMessage);
      |                                                                ~~~~~~~~~~~~~~~^~~~~~~~~
../Core/Src/commStateMachine.c:258:72: warning: pointer targets in passing argument 2 of 'vCommStateMachineSendMessage' differ in signedness [-Wpointer-sign]
  258 |                                 vCommStateMachineSendMessage(pV2VUART, "#gr;");
      |                                                                        ^~~~~~
      |                                                                        |
      |                                                                        char *
../Core/Inc/commStateMachine.h:44:79: note: expected 'unsigned char *' but argument is of type 'char *'
   44 | void vCommStateMachineSendMessage (UART_HandleTypeDef * huart, unsigned char* ucMessage);
      |                                                                ~~~~~~~~~~~~~~~^~~~~~~~~
../Core/Src/commStateMachine.c:261:72: warning: pointer targets in passing argument 2 of 'vCommStateMachineSendMessage' differ in signedness [-Wpointer-sign]
  261 |                                 vCommStateMachineSendMessage(pV2VUART, "#");
      |                                                                        ^~~
      |                                                                        |
      |                                                                        char *
../Core/Inc/commStateMachine.h:44:79: note: expected 'unsigned char *' but argument is of type 'char *'
   44 | void vCommStateMachineSendMessage (UART_HandleTypeDef * huart, unsigned char* ucMessage);
      |                                                                ~~~~~~~~~~~~~~~^~~~~~~~~
../Core/Src/commStateMachine.c:262:72: warning: pointer targets in passing argument 2 of 'vCommStateMachineSendMessage' differ in signedness [-Wpointer-sign]
  262 |                                 vCommStateMachineSendMessage(pV2VUART, "g");
      |                                                                        ^~~
      |                                                                        |
      |                                                                        char *
../Core/Inc/commStateMachine.h:44:79: note: expected 'unsigned char *' but argument is of type 'char *'
   44 | void vCommStateMachineSendMessage (UART_HandleTypeDef * huart, unsigned char* ucMessage);
      |                                                                ~~~~~~~~~~~~~~~^~~~~~~~~
../Core/Src/commStateMachine.c:263:72: warning: pointer targets in passing argument 2 of 'vCommStateMachineSendMessage' differ in signedness [-Wpointer-sign]
  263 |                                 vCommStateMachineSendMessage(pV2VUART, "a");
      |                                                                        ^~~
      |                                                                        |
      |                                                                        char *
../Core/Inc/commStateMachine.h:44:79: note: expected 'unsigned char *' but argument is of type 'char *'
   44 | void vCommStateMachineSendMessage (UART_HandleTypeDef * huart, unsigned char* ucMessage);
      |                                                                ~~~~~~~~~~~~~~~^~~~~~~~~
../Core/Src/commStateMachine.c:264:72: warning: pointer targets in passing argument 2 of 'vCommStateMachineSendMessage' differ in signedness [-Wpointer-sign]
  264 |                                 vCommStateMachineSendMessage(pV2VUART, ";");
      |                                                                        ^~~
      |                                                                        |
      |                                                                        char *
../Core/Inc/commStateMachine.h:44:79: note: expected 'unsigned char *' but argument is of type 'char *'
   44 | void vCommStateMachineSendMessage (UART_HandleTypeDef * huart, unsigned char* ucMessage);
      |                                                                ~~~~~~~~~~~~~~~^~~~~~~~~
../Core/Src/commStateMachine.c:267:72: warning: pointer targets in passing argument 2 of 'vCommStateMachineSendMessage' differ in signedness [-Wpointer-sign]
  267 |                                 vCommStateMachineSendMessage(pV2VUART, "#gb;");
      |                                                                        ^~~~~~
      |                                                                        |
      |                                                                        char *
../Core/Inc/commStateMachine.h:44:79: note: expected 'unsigned char *' but argument is of type 'char *'
   44 | void vCommStateMachineSendMessage (UART_HandleTypeDef * huart, unsigned char* ucMessage);
      |                                                                ~~~~~~~~~~~~~~~^~~~~~~~~
../Core/Src/commStateMachine.c:270:72: warning: pointer targets in passing argument 2 of 'vCommStateMachineSendMessage' differ in signedness [-Wpointer-sign]
  270 |                                 vCommStateMachineSendMessage(pV2VUART, "#gc;");
      |                                                                        ^~~~~~
      |                                                                        |
      |                                                                        char *
../Core/Inc/commStateMachine.h:44:79: note: expected 'unsigned char *' but argument is of type 'char *'
   44 | void vCommStateMachineSendMessage (UART_HandleTypeDef * huart, unsigned char* ucMessage);
      |                                                                ~~~~~~~~~~~~~~~^~~~~~~~~
../Core/Src/commStateMachine.c:273:72: warning: pointer targets in passing argument 2 of 'vCommStateMachineSendMessage' differ in signedness [-Wpointer-sign]
  273 |                                 vCommStateMachineSendMessage(pV2VUART, "#gd;");
      |                                                                        ^~~~~~
      |                                                                        |
      |                                                                        char *
../Core/Inc/commStateMachine.h:44:79: note: expected 'unsigned char *' but argument is of type 'char *'
   44 | void vCommStateMachineSendMessage (UART_HandleTypeDef * huart, unsigned char* ucMessage);
      |                                                                ~~~~~~~~~~~~~~~^~~~~~~~~
../Core/Src/commStateMachine.c:276:72: warning: pointer targets in passing argument 2 of 'vCommStateMachineSendMessage' differ in signedness [-Wpointer-sign]
  276 |                                 vCommStateMachineSendMessage(pV2VUART, "#ge;");
      |                                                                        ^~~~~~
      |                                                                        |
      |                                                                        char *
../Core/Inc/commStateMachine.h:44:79: note: expected 'unsigned char *' but argument is of type 'char *'
   44 | void vCommStateMachineSendMessage (UART_HandleTypeDef * huart, unsigned char* ucMessage);
      |                                                                ~~~~~~~~~~~~~~~^~~~~~~~~
../Core/Src/commStateMachine.c:279:72: warning: pointer targets in passing argument 2 of 'vCommStateMachineSendMessage' differ in signedness [-Wpointer-sign]
  279 |                                 vCommStateMachineSendMessage(pV2VUART, "#gf;");
      |                                                                        ^~~~~~
      |                                                                        |
      |                                                                        char *
../Core/Inc/commStateMachine.h:44:79: note: expected 'unsigned char *' but argument is of type 'char *'
   44 | void vCommStateMachineSendMessage (UART_HandleTypeDef * huart, unsigned char* ucMessage);
      |                                                                ~~~~~~~~~~~~~~~^~~~~~~~~
../Core/Src/commStateMachine.c:213:23: warning: unused variable 'ucValuev2v' [-Wunused-variable]
  213 |         unsigned char ucValuev2v[MAX_VALUE_LENGTH];
      |                       ^~~~~~~~~~
../Core/Src/commStateMachine.c:212:23: warning: unused variable 'ucValue' [-Wunused-variable]
  212 |         unsigned char ucValue[MAX_VALUE_LENGTH];
      |                       ^~~~~~~
../Core/Src/commStateMachine.c: In function 'vCommStateMachineSetParam':
../Core/Src/commStateMachine.c:327:72: warning: pointer targets in passing argument 2 of 'vCommStateMachineSendMessage' differ in signedness [-Wpointer-sign]
  327 |                                 vCommStateMachineSendMessage(pV2VUART, "#sa");
      |                                                                        ^~~~~
      |                                                                        |
      |                                                                        char *
../Core/Inc/commStateMachine.h:44:79: note: expected 'unsigned char *' but argument is of type 'char *'
   44 | void vCommStateMachineSendMessage (UART_HandleTypeDef * huart, unsigned char* ucMessage);
      |                                                                ~~~~~~~~~~~~~~~^~~~~~~~~
../Core/Src/commStateMachine.c:329:72: warning: pointer targets in passing argument 2 of 'vCommStateMachineSendMessage' differ in signedness [-Wpointer-sign]
  329 |                                 vCommStateMachineSendMessage(pV2VUART, ";");
      |                                                                        ^~~
      |                                                                        |
      |                                                                        char *
../Core/Inc/commStateMachine.h:44:79: note: expected 'unsigned char *' but argument is of type 'char *'
   44 | void vCommStateMachineSendMessage (UART_HandleTypeDef * huart, unsigned char* ucMessage);
      |                                                                ~~~~~~~~~~~~~~~^~~~~~~~~
../Core/Src/commStateMachine.c:332:72: warning: pointer targets in passing argument 2 of 'vCommStateMachineSendMessage' differ in signedness [-Wpointer-sign]
  332 |                                 vCommStateMachineSendMessage(pV2VUART, "#sb");
      |                                                                        ^~~~~
      |                                                                        |
      |                                                                        char *
../Core/Inc/commStateMachine.h:44:79: note: expected 'unsigned char *' but argument is of type 'char *'
   44 | void vCommStateMachineSendMessage (UART_HandleTypeDef * huart, unsigned char* ucMessage);
      |                                                                ~~~~~~~~~~~~~~~^~~~~~~~~
../Core/Src/commStateMachine.c:334:72: warning: pointer targets in passing argument 2 of 'vCommStateMachineSendMessage' differ in signedness [-Wpointer-sign]
  334 |                                 vCommStateMachineSendMessage(pV2VUART, ";");
      |                                                                        ^~~
      |                                                                        |
      |                                                                        char *
../Core/Inc/commStateMachine.h:44:79: note: expected 'unsigned char *' but argument is of type 'char *'
   44 | void vCommStateMachineSendMessage (UART_HandleTypeDef * huart, unsigned char* ucMessage);
      |                                                                ~~~~~~~~~~~~~~~^~~~~~~~~
../Core/Src/commStateMachine.c:337:72: warning: pointer targets in passing argument 2 of 'vCommStateMachineSendMessage' differ in signedness [-Wpointer-sign]
  337 |                                 vCommStateMachineSendMessage(pV2VUART, "#sc");
      |                                                                        ^~~~~
      |                                                                        |
      |                                                                        char *
../Core/Inc/commStateMachine.h:44:79: note: expected 'unsigned char *' but argument is of type 'char *'
   44 | void vCommStateMachineSendMessage (UART_HandleTypeDef * huart, unsigned char* ucMessage);
      |                                                                ~~~~~~~~~~~~~~~^~~~~~~~~
../Core/Src/commStateMachine.c:339:72: warning: pointer targets in passing argument 2 of 'vCommStateMachineSendMessage' differ in signedness [-Wpointer-sign]
  339 |                                 vCommStateMachineSendMessage(pV2VUART, ";");
      |                                                                        ^~~
      |                                                                        |
      |                                                                        char *
../Core/Inc/commStateMachine.h:44:79: note: expected 'unsigned char *' but argument is of type 'char *'
   44 | void vCommStateMachineSendMessage (UART_HandleTypeDef * huart, unsigned char* ucMessage);
      |                                                                ~~~~~~~~~~~~~~~^~~~~~~~~
../Core/Src/commStateMachine.c:342:72: warning: pointer targets in passing argument 2 of 'vCommStateMachineSendMessage' differ in signedness [-Wpointer-sign]
  342 |                                 vCommStateMachineSendMessage(pV2VUART, "#sd");
      |                                                                        ^~~~~
      |                                                                        |
      |                                                                        char *
../Core/Inc/commStateMachine.h:44:79: note: expected 'unsigned char *' but argument is of type 'char *'
   44 | void vCommStateMachineSendMessage (UART_HandleTypeDef * huart, unsigned char* ucMessage);
      |                                                                ~~~~~~~~~~~~~~~^~~~~~~~~
../Core/Src/commStateMachine.c:344:72: warning: pointer targets in passing argument 2 of 'vCommStateMachineSendMessage' differ in signedness [-Wpointer-sign]
  344 |                                 vCommStateMachineSendMessage(pV2VUART, ";");
      |                                                                        ^~~
      |                                                                        |
      |                                                                        char *
../Core/Inc/commStateMachine.h:44:79: note: expected 'unsigned char *' but argument is of type 'char *'
   44 | void vCommStateMachineSendMessage (UART_HandleTypeDef * huart, unsigned char* ucMessage);
      |                                                                ~~~~~~~~~~~~~~~^~~~~~~~~
../Core/Src/commStateMachine.c:347:72: warning: pointer targets in passing argument 2 of 'vCommStateMachineSendMessage' differ in signedness [-Wpointer-sign]
  347 |                                 vCommStateMachineSendMessage(pV2VUART, "#se");
      |                                                                        ^~~~~
      |                                                                        |
      |                                                                        char *
../Core/Inc/commStateMachine.h:44:79: note: expected 'unsigned char *' but argument is of type 'char *'
   44 | void vCommStateMachineSendMessage (UART_HandleTypeDef * huart, unsigned char* ucMessage);
      |                                                                ~~~~~~~~~~~~~~~^~~~~~~~~
../Core/Src/commStateMachine.c:349:72: warning: pointer targets in passing argument 2 of 'vCommStateMachineSendMessage' differ in signedness [-Wpointer-sign]
  349 |                                 vCommStateMachineSendMessage(pV2VUART, ";");
      |                                                                        ^~~
      |                                                                        |
      |                                                                        char *
../Core/Inc/commStateMachine.h:44:79: note: expected 'unsigned char *' but argument is of type 'char *'
   44 | void vCommStateMachineSendMessage (UART_HandleTypeDef * huart, unsigned char* ucMessage);
      |                                                                ~~~~~~~~~~~~~~~^~~~~~~~~
../Core/Src/commStateMachine.c:352:72: warning: pointer targets in passing argument 2 of 'vCommStateMachineSendMessage' differ in signedness [-Wpointer-sign]
  352 |                                 vCommStateMachineSendMessage(pV2VUART, "#sf");
      |                                                                        ^~~~~
      |                                                                        |
      |                                                                        char *
../Core/Inc/commStateMachine.h:44:79: note: expected 'unsigned char *' but argument is of type 'char *'
   44 | void vCommStateMachineSendMessage (UART_HandleTypeDef * huart, unsigned char* ucMessage);
      |                                                                ~~~~~~~~~~~~~~~^~~~~~~~~
../Core/Src/commStateMachine.c:353:72: warning: passing argument 2 of 'vCommStateMachineSendMessage' from incompatible pointer type [-Wincompatible-pointer-types]
  353 |                                 vCommStateMachineSendMessage(pV2VUART, &ucValue);
      |                                                                        ^~~~~~~~
      |                                                                        |
      |                                                                        unsigned char (*)[8]
../Core/Inc/commStateMachine.h:44:79: note: expected 'unsigned char *' but argument is of type 'unsigned char (*)[8]'
   44 | void vCommStateMachineSendMessage (UART_HandleTypeDef * huart, unsigned char* ucMessage);
      |                                                                ~~~~~~~~~~~~~~~^~~~~~~~~
../Core/Src/commStateMachine.c:354:72: warning: pointer targets in passing argument 2 of 'vCommStateMachineSendMessage' differ in signedness [-Wpointer-sign]
  354 |                                 vCommStateMachineSendMessage(pV2VUART, ";");
      |                                                                        ^~~
      |                                                                        |
      |                                                                        char *
../Core/Inc/commStateMachine.h:44:79: note: expected 'unsigned char *' but argument is of type 'char *'
   44 | void vCommStateMachineSendMessage (UART_HandleTypeDef * huart, unsigned char* ucMessage);
      |                                                                ~~~~~~~~~~~~~~~^~~~~~~~~
../Core/Src/commStateMachine.c:294:14: warning: unused variable 'cAux' [-Wunused-variable]
  294 |         char cAux;
      |              ^~~~
../Core/Src/commStateMachine.c: In function 'fCommStateMachineStringToFloat':
../Core/Src/commStateMachine.c:381:30: warning: pointer targets in passing argument 1 of 'atof' differ in signedness [-Wpointer-sign]
  381 |         fInputNumber = atof (ucValue);
      |                              ^~~~~~~
      |                              |
      |                              unsigned char *
In file included from ../Core/Inc/communication.h:16,
                 from ../Core/Src/commStateMachine.c:40:
C:\ST\STM32CubeIDE_1.16.0\STM32CubeIDE\plugins\com.st.stm32cube.ide.mcu.externaltools.gnu-tools-for-stm32.12.3.rel1.win32_1.0.200.202406191623\tools\bin/../lib/gcc/arm-none-eabi/12.3.1/../../../../arm-none-eabi/include/stdlib.h:77:27: note: expected 'const char *' but argument is of type 'unsigned char *'
   77 | double  atof (const char *__nptr);
      |               ~~~~~~~~~~~~^~~~~~
../Core/Src/commStateMachine.c: In function 'vCommStateMachineSendMessage':
../Core/Src/commStateMachine.c:451:23: warning: variable 'a' set but not used [-Wunused-but-set-variable]
  451 |         unsigned char a;
      |                       ^
arm-none-eabi-gcc -o "Carro Seguidor.elf" @"objects.list"   -mcpu=cortex-m4 -T"C:\Users\jvmen\Documents\ES070-2024-GrupoA2\codes\Carro Seguidor\STM32G474RETX_FLASH.ld" --specs=nosys.specs -Wl,-Map="Carro Seguidor.map" -Wl,--gc-sections -static --specs=nano.specs -mfpu=fpv4-sp-d16 -mfloat-abi=hard -mthumb -Wl,--start-group -lc -lm -Wl,--end-group
C:/ST/STM32CubeIDE_1.16.0/STM32CubeIDE/plugins/com.st.stm32cube.ide.mcu.externaltools.gnu-tools-for-stm32.12.3.rel1.win32_1.0.200.202406191623/tools/bin/../lib/gcc/arm-none-eabi/12.3.1/../../../../arm-none-eabi/bin/ld.exe: warning: Carro Seguidor.elf has a LOAD segment with RWX permissions
Finished building target: Carro Seguidor.elf
 
arm-none-eabi-size  Carro\ Seguidor.elf 
arm-none-eabi-objdump -h -S Carro\ Seguidor.elf  > "Carro Seguidor.list"
   text	   data	    bss	    dec	    hex	filename
  64436	    532	   4544	  69512	  10f88	Carro Seguidor.elf
Finished building: default.size.stdout
 
Finished building: Carro Seguidor.list
 
20:46:52 **** Incremental Build of configuration Debug for project Carro Seguidor ****
make -j16 all 
arm-none-eabi-size  Carro\ Seguidor.elf 
   text	   data	    bss	    dec	    hex	filename
  64436	    532	   4544	  69512	  10f88	Carro Seguidor.elf
Finished building: default.size.stdout
 
21:02:12 **** Incremental Build of configuration Debug for project Carro Seguidor ****
make -j16 all 
arm-none-eabi-gcc "../Core/Src/commStateMachine.c" -mcpu=cortex-m4 -std=gnu11 -g3 -DDEBUG -DUSE_HAL_DRIVER -DSTM32G474xx -c -I../Core/Inc -I../Drivers/STM32G4xx_HAL_Driver/Inc -I../Drivers/STM32G4xx_HAL_Driver/Inc/Legacy -I../Drivers/CMSIS/Device/ST/STM32G4xx/Include -I../Drivers/CMSIS/Include -O0 -ffunction-sections -fdata-sections -Wall -fstack-usage -fcyclomatic-complexity -MMD -MP -MF"Core/Src/commStateMachine.d" -MT"Core/Src/commStateMachine.o" --specs=nano.specs -mfpu=fpv4-sp-d16 -mfloat-abi=hard -mthumb -o "Core/Src/commStateMachine.o"
../Core/Src/commStateMachine.c: In function 'HAL_UART_RxCpltCallback':
../Core/Src/commStateMachine.c:168:92: warning: passing argument 2 of 'vCommStateMachineSetParam' from incompatible pointer type [-Wincompatible-pointer-types]
  168 |                                                         vCommStateMachineSetParam(ucParam, &ucValue);
      |                                                                                            ^~~~~~~~
      |                                                                                            |
      |                                                                                            unsigned char (*)[8]
In file included from ../Core/Src/commStateMachine.c:38:
../Core/Inc/commStateMachine.h:37:71: note: expected 'unsigned char *' but argument is of type 'unsigned char (*)[8]'
   37 | void vCommStateMachineSetParam(unsigned char ucParam, unsigned char * pValue);
      |                                                       ~~~~~~~~~~~~~~~~^~~~~~
../Core/Src/commStateMachine.c:182:112: warning: passing argument 2 of 'vCommStateMachineSendMessage' from incompatible pointer type [-Wincompatible-pointer-types]
  182 |                                                         vCommStateMachineSendMessage(pBluetoothControllerUART, &ucValue);
      |                                                                                                                ^~~~~~~~
      |                                                                                                                |
      |                                                                                                                unsigned char (*)[8]
../Core/Inc/commStateMachine.h:44:79: note: expected 'unsigned char *' but argument is of type 'unsigned char (*)[8]'
   44 | void vCommStateMachineSendMessage (UART_HandleTypeDef * huart, unsigned char* ucMessage);
      |                                                                ~~~~~~~~~~~~~~~^~~~~~~~~
../Core/Src/commStateMachine.c: In function 'vCommStateMachineReturnParam':
../Core/Src/commStateMachine.c:220:88: warning: pointer targets in passing argument 2 of 'vCommStateMachineSendMessage' differ in signedness [-Wpointer-sign]
  220 |                                 vCommStateMachineSendMessage(pBluetoothControllerUART, pMessage);
      |                                                                                        ^~~~~~~~
      |                                                                                        |
      |                                                                                        char *
../Core/Inc/commStateMachine.h:44:79: note: expected 'unsigned char *' but argument is of type 'char *'
   44 | void vCommStateMachineSendMessage (UART_HandleTypeDef * huart, unsigned char* ucMessage);
      |                                                                ~~~~~~~~~~~~~~~^~~~~~~~~
../Core/Src/commStateMachine.c:224:88: warning: pointer targets in passing argument 2 of 'vCommStateMachineSendMessage' differ in signedness [-Wpointer-sign]
  224 |                                 vCommStateMachineSendMessage(pBluetoothControllerUART, pMessage);
      |                                                                                        ^~~~~~~~
      |                                                                                        |
      |                                                                                        char *
../Core/Inc/commStateMachine.h:44:79: note: expected 'unsigned char *' but argument is of type 'char *'
   44 | void vCommStateMachineSendMessage (UART_HandleTypeDef * huart, unsigned char* ucMessage);
      |                                                                ~~~~~~~~~~~~~~~^~~~~~~~~
../Core/Src/commStateMachine.c:228:88: warning: pointer targets in passing argument 2 of 'vCommStateMachineSendMessage' differ in signedness [-Wpointer-sign]
  228 |                                 vCommStateMachineSendMessage(pBluetoothControllerUART, pMessage);
      |                                                                                        ^~~~~~~~
      |                                                                                        |
      |                                                                                        char *
../Core/Inc/commStateMachine.h:44:79: note: expected 'unsigned char *' but argument is of type 'char *'
   44 | void vCommStateMachineSendMessage (UART_HandleTypeDef * huart, unsigned char* ucMessage);
      |                                                                ~~~~~~~~~~~~~~~^~~~~~~~~
../Core/Src/commStateMachine.c:232:88: warning: pointer targets in passing argument 2 of 'vCommStateMachineSendMessage' differ in signedness [-Wpointer-sign]
  232 |                                 vCommStateMachineSendMessage(pBluetoothControllerUART, pMessage);
      |                                                                                        ^~~~~~~~
      |                                                                                        |
      |                                                                                        char *
../Core/Inc/commStateMachine.h:44:79: note: expected 'unsigned char *' but argument is of type 'char *'
   44 | void vCommStateMachineSendMessage (UART_HandleTypeDef * huart, unsigned char* ucMessage);
      |                                                                ~~~~~~~~~~~~~~~^~~~~~~~~
../Core/Src/commStateMachine.c:236:88: warning: pointer targets in passing argument 2 of 'vCommStateMachineSendMessage' differ in signedness [-Wpointer-sign]
  236 |                                 vCommStateMachineSendMessage(pBluetoothControllerUART, pMessage);
      |                                                                                        ^~~~~~~~
      |                                                                                        |
      |                                                                                        char *
../Core/Inc/commStateMachine.h:44:79: note: expected 'unsigned char *' but argument is of type 'char *'
   44 | void vCommStateMachineSendMessage (UART_HandleTypeDef * huart, unsigned char* ucMessage);
      |                                                                ~~~~~~~~~~~~~~~^~~~~~~~~
../Core/Src/commStateMachine.c:240:88: warning: pointer targets in passing argument 2 of 'vCommStateMachineSendMessage' differ in signedness [-Wpointer-sign]
  240 |                                 vCommStateMachineSendMessage(pBluetoothControllerUART, pMessage);
      |                                                                                        ^~~~~~~~
      |                                                                                        |
      |                                                                                        char *
../Core/Inc/commStateMachine.h:44:79: note: expected 'unsigned char *' but argument is of type 'char *'
   44 | void vCommStateMachineSendMessage (UART_HandleTypeDef * huart, unsigned char* ucMessage);
      |                                                                ~~~~~~~~~~~~~~~^~~~~~~~~
../Core/Src/commStateMachine.c:244:88: warning: pointer targets in passing argument 2 of 'vCommStateMachineSendMessage' differ in signedness [-Wpointer-sign]
  244 |                                 vCommStateMachineSendMessage(pBluetoothControllerUART, pMessage);
      |                                                                                        ^~~~~~~~
      |                                                                                        |
      |                                                                                        char *
../Core/Inc/commStateMachine.h:44:79: note: expected 'unsigned char *' but argument is of type 'char *'
   44 | void vCommStateMachineSendMessage (UART_HandleTypeDef * huart, unsigned char* ucMessage);
      |                                                                ~~~~~~~~~~~~~~~^~~~~~~~~
../Core/Src/commStateMachine.c:248:88: warning: pointer targets in passing argument 2 of 'vCommStateMachineSendMessage' differ in signedness [-Wpointer-sign]
  248 |                                 vCommStateMachineSendMessage(pBluetoothControllerUART, pMessage);
      |                                                                                        ^~~~~~~~
      |                                                                                        |
      |                                                                                        char *
../Core/Inc/commStateMachine.h:44:79: note: expected 'unsigned char *' but argument is of type 'char *'
   44 | void vCommStateMachineSendMessage (UART_HandleTypeDef * huart, unsigned char* ucMessage);
      |                                                                ~~~~~~~~~~~~~~~^~~~~~~~~
../Core/Src/commStateMachine.c:255:72: warning: pointer targets in passing argument 2 of 'vCommStateMachineSendMessage' differ in signedness [-Wpointer-sign]
  255 |                                 vCommStateMachineSendMessage(pV2VUART, "#gl;");
      |                                                                        ^~~~~~
      |                                                                        |
      |                                                                        char *
../Core/Inc/commStateMachine.h:44:79: note: expected 'unsigned char *' but argument is of type 'char *'
   44 | void vCommStateMachineSendMessage (UART_HandleTypeDef * huart, unsigned char* ucMessage);
      |                                                                ~~~~~~~~~~~~~~~^~~~~~~~~
../Core/Src/commStateMachine.c:258:72: warning: pointer targets in passing argument 2 of 'vCommStateMachineSendMessage' differ in signedness [-Wpointer-sign]
  258 |                                 vCommStateMachineSendMessage(pV2VUART, "#gr;");
      |                                                                        ^~~~~~
      |                                                                        |
      |                                                                        char *
../Core/Inc/commStateMachine.h:44:79: note: expected 'unsigned char *' but argument is of type 'char *'
   44 | void vCommStateMachineSendMessage (UART_HandleTypeDef * huart, unsigned char* ucMessage);
      |                                                                ~~~~~~~~~~~~~~~^~~~~~~~~
../Core/Src/commStateMachine.c:261:72: warning: pointer targets in passing argument 2 of 'vCommStateMachineSendMessage' differ in signedness [-Wpointer-sign]
  261 |                                 vCommStateMachineSendMessage(pV2VUART, "#");
      |                                                                        ^~~
      |                                                                        |
      |                                                                        char *
../Core/Inc/commStateMachine.h:44:79: note: expected 'unsigned char *' but argument is of type 'char *'
   44 | void vCommStateMachineSendMessage (UART_HandleTypeDef * huart, unsigned char* ucMessage);
      |                                                                ~~~~~~~~~~~~~~~^~~~~~~~~
../Core/Src/commStateMachine.c:262:72: warning: pointer targets in passing argument 2 of 'vCommStateMachineSendMessage' differ in signedness [-Wpointer-sign]
  262 |                                 vCommStateMachineSendMessage(pV2VUART, "g");
      |                                                                        ^~~
      |                                                                        |
      |                                                                        char *
../Core/Inc/commStateMachine.h:44:79: note: expected 'unsigned char *' but argument is of type 'char *'
   44 | void vCommStateMachineSendMessage (UART_HandleTypeDef * huart, unsigned char* ucMessage);
      |                                                                ~~~~~~~~~~~~~~~^~~~~~~~~
../Core/Src/commStateMachine.c:263:72: warning: pointer targets in passing argument 2 of 'vCommStateMachineSendMessage' differ in signedness [-Wpointer-sign]
  263 |                                 vCommStateMachineSendMessage(pV2VUART, "a");
      |                                                                        ^~~
      |                                                                        |
      |                                                                        char *
../Core/Inc/commStateMachine.h:44:79: note: expected 'unsigned char *' but argument is of type 'char *'
   44 | void vCommStateMachineSendMessage (UART_HandleTypeDef * huart, unsigned char* ucMessage);
      |                                                                ~~~~~~~~~~~~~~~^~~~~~~~~
../Core/Src/commStateMachine.c:264:72: warning: pointer targets in passing argument 2 of 'vCommStateMachineSendMessage' differ in signedness [-Wpointer-sign]
  264 |                                 vCommStateMachineSendMessage(pV2VUART, ";");
      |                                                                        ^~~
      |                                                                        |
      |                                                                        char *
../Core/Inc/commStateMachine.h:44:79: note: expected 'unsigned char *' but argument is of type 'char *'
   44 | void vCommStateMachineSendMessage (UART_HandleTypeDef * huart, unsigned char* ucMessage);
      |                                                                ~~~~~~~~~~~~~~~^~~~~~~~~
../Core/Src/commStateMachine.c:267:72: warning: pointer targets in passing argument 2 of 'vCommStateMachineSendMessage' differ in signedness [-Wpointer-sign]
  267 |                                 vCommStateMachineSendMessage(pV2VUART, "#gb;");
      |                                                                        ^~~~~~
      |                                                                        |
      |                                                                        char *
../Core/Inc/commStateMachine.h:44:79: note: expected 'unsigned char *' but argument is of type 'char *'
   44 | void vCommStateMachineSendMessage (UART_HandleTypeDef * huart, unsigned char* ucMessage);
      |                                                                ~~~~~~~~~~~~~~~^~~~~~~~~
../Core/Src/commStateMachine.c:270:72: warning: pointer targets in passing argument 2 of 'vCommStateMachineSendMessage' differ in signedness [-Wpointer-sign]
  270 |                                 vCommStateMachineSendMessage(pV2VUART, "#gc;");
      |                                                                        ^~~~~~
      |                                                                        |
      |                                                                        char *
../Core/Inc/commStateMachine.h:44:79: note: expected 'unsigned char *' but argument is of type 'char *'
   44 | void vCommStateMachineSendMessage (UART_HandleTypeDef * huart, unsigned char* ucMessage);
      |                                                                ~~~~~~~~~~~~~~~^~~~~~~~~
../Core/Src/commStateMachine.c:273:72: warning: pointer targets in passing argument 2 of 'vCommStateMachineSendMessage' differ in signedness [-Wpointer-sign]
  273 |                                 vCommStateMachineSendMessage(pV2VUART, "#gd;");
      |                                                                        ^~~~~~
      |                                                                        |
      |                                                                        char *
../Core/Inc/commStateMachine.h:44:79: note: expected 'unsigned char *' but argument is of type 'char *'
   44 | void vCommStateMachineSendMessage (UART_HandleTypeDef * huart, unsigned char* ucMessage);
      |                                                                ~~~~~~~~~~~~~~~^~~~~~~~~
../Core/Src/commStateMachine.c:276:72: warning: pointer targets in passing argument 2 of 'vCommStateMachineSendMessage' differ in signedness [-Wpointer-sign]
  276 |                                 vCommStateMachineSendMessage(pV2VUART, "#ge;");
      |                                                                        ^~~~~~
      |                                                                        |
      |                                                                        char *
../Core/Inc/commStateMachine.h:44:79: note: expected 'unsigned char *' but argument is of type 'char *'
   44 | void vCommStateMachineSendMessage (UART_HandleTypeDef * huart, unsigned char* ucMessage);
      |                                                                ~~~~~~~~~~~~~~~^~~~~~~~~
../Core/Src/commStateMachine.c:279:72: warning: pointer targets in passing argument 2 of 'vCommStateMachineSendMessage' differ in signedness [-Wpointer-sign]
  279 |                                 vCommStateMachineSendMessage(pV2VUART, "#gf;");
      |                                                                        ^~~~~~
      |                                                                        |
      |                                                                        char *
../Core/Inc/commStateMachine.h:44:79: note: expected 'unsigned char *' but argument is of type 'char *'
   44 | void vCommStateMachineSendMessage (UART_HandleTypeDef * huart, unsigned char* ucMessage);
      |                                                                ~~~~~~~~~~~~~~~^~~~~~~~~
../Core/Src/commStateMachine.c:213:23: warning: unused variable 'ucValuev2v' [-Wunused-variable]
  213 |         unsigned char ucValuev2v[MAX_VALUE_LENGTH];
      |                       ^~~~~~~~~~
../Core/Src/commStateMachine.c:212:23: warning: unused variable 'ucValue' [-Wunused-variable]
  212 |         unsigned char ucValue[MAX_VALUE_LENGTH];
      |                       ^~~~~~~
../Core/Src/commStateMachine.c: In function 'vCommStateMachineSetParam':
../Core/Src/commStateMachine.c:327:72: warning: pointer targets in passing argument 2 of 'vCommStateMachineSendMessage' differ in signedness [-Wpointer-sign]
  327 |                                 vCommStateMachineSendMessage(pV2VUART, "#sa");
      |                                                                        ^~~~~
      |                                                                        |
      |                                                                        char *
../Core/Inc/commStateMachine.h:44:79: note: expected 'unsigned char *' but argument is of type 'char *'
   44 | void vCommStateMachineSendMessage (UART_HandleTypeDef * huart, unsigned char* ucMessage);
      |                                                                ~~~~~~~~~~~~~~~^~~~~~~~~
../Core/Src/commStateMachine.c:329:72: warning: pointer targets in passing argument 2 of 'vCommStateMachineSendMessage' differ in signedness [-Wpointer-sign]
  329 |                                 vCommStateMachineSendMessage(pV2VUART, ";");
      |                                                                        ^~~
      |                                                                        |
      |                                                                        char *
../Core/Inc/commStateMachine.h:44:79: note: expected 'unsigned char *' but argument is of type 'char *'
   44 | void vCommStateMachineSendMessage (UART_HandleTypeDef * huart, unsigned char* ucMessage);
      |                                                                ~~~~~~~~~~~~~~~^~~~~~~~~
../Core/Src/commStateMachine.c:332:72: warning: pointer targets in passing argument 2 of 'vCommStateMachineSendMessage' differ in signedness [-Wpointer-sign]
  332 |                                 vCommStateMachineSendMessage(pV2VUART, "#sb");
      |                                                                        ^~~~~
      |                                                                        |
      |                                                                        char *
../Core/Inc/commStateMachine.h:44:79: note: expected 'unsigned char *' but argument is of type 'char *'
   44 | void vCommStateMachineSendMessage (UART_HandleTypeDef * huart, unsigned char* ucMessage);
      |                                                                ~~~~~~~~~~~~~~~^~~~~~~~~
../Core/Src/commStateMachine.c:334:72: warning: pointer targets in passing argument 2 of 'vCommStateMachineSendMessage' differ in signedness [-Wpointer-sign]
  334 |                                 vCommStateMachineSendMessage(pV2VUART, ";");
      |                                                                        ^~~
      |                                                                        |
      |                                                                        char *
../Core/Inc/commStateMachine.h:44:79: note: expected 'unsigned char *' but argument is of type 'char *'
   44 | void vCommStateMachineSendMessage (UART_HandleTypeDef * huart, unsigned char* ucMessage);
      |                                                                ~~~~~~~~~~~~~~~^~~~~~~~~
../Core/Src/commStateMachine.c:337:72: warning: pointer targets in passing argument 2 of 'vCommStateMachineSendMessage' differ in signedness [-Wpointer-sign]
  337 |                                 vCommStateMachineSendMessage(pV2VUART, "#sc");
      |                                                                        ^~~~~
      |                                                                        |
      |                                                                        char *
../Core/Inc/commStateMachine.h:44:79: note: expected 'unsigned char *' but argument is of type 'char *'
   44 | void vCommStateMachineSendMessage (UART_HandleTypeDef * huart, unsigned char* ucMessage);
      |                                                                ~~~~~~~~~~~~~~~^~~~~~~~~
../Core/Src/commStateMachine.c:339:72: warning: pointer targets in passing argument 2 of 'vCommStateMachineSendMessage' differ in signedness [-Wpointer-sign]
  339 |                                 vCommStateMachineSendMessage(pV2VUART, ";");
      |                                                                        ^~~
      |                                                                        |
      |                                                                        char *
../Core/Inc/commStateMachine.h:44:79: note: expected 'unsigned char *' but argument is of type 'char *'
   44 | void vCommStateMachineSendMessage (UART_HandleTypeDef * huart, unsigned char* ucMessage);
      |                                                                ~~~~~~~~~~~~~~~^~~~~~~~~
../Core/Src/commStateMachine.c:342:72: warning: pointer targets in passing argument 2 of 'vCommStateMachineSendMessage' differ in signedness [-Wpointer-sign]
  342 |                                 vCommStateMachineSendMessage(pV2VUART, "#sd");
      |                                                                        ^~~~~
      |                                                                        |
      |                                                                        char *
../Core/Inc/commStateMachine.h:44:79: note: expected 'unsigned char *' but argument is of type 'char *'
   44 | void vCommStateMachineSendMessage (UART_HandleTypeDef * huart, unsigned char* ucMessage);
      |                                                                ~~~~~~~~~~~~~~~^~~~~~~~~
../Core/Src/commStateMachine.c:344:72: warning: pointer targets in passing argument 2 of 'vCommStateMachineSendMessage' differ in signedness [-Wpointer-sign]
  344 |                                 vCommStateMachineSendMessage(pV2VUART, ";");
      |                                                                        ^~~
      |                                                                        |
      |                                                                        char *
../Core/Inc/commStateMachine.h:44:79: note: expected 'unsigned char *' but argument is of type 'char *'
   44 | void vCommStateMachineSendMessage (UART_HandleTypeDef * huart, unsigned char* ucMessage);
      |                                                                ~~~~~~~~~~~~~~~^~~~~~~~~
../Core/Src/commStateMachine.c:347:72: warning: pointer targets in passing argument 2 of 'vCommStateMachineSendMessage' differ in signedness [-Wpointer-sign]
  347 |                                 vCommStateMachineSendMessage(pV2VUART, "#se");
      |                                                                        ^~~~~
      |                                                                        |
      |                                                                        char *
../Core/Inc/commStateMachine.h:44:79: note: expected 'unsigned char *' but argument is of type 'char *'
   44 | void vCommStateMachineSendMessage (UART_HandleTypeDef * huart, unsigned char* ucMessage);
      |                                                                ~~~~~~~~~~~~~~~^~~~~~~~~
../Core/Src/commStateMachine.c:349:72: warning: pointer targets in passing argument 2 of 'vCommStateMachineSendMessage' differ in signedness [-Wpointer-sign]
  349 |                                 vCommStateMachineSendMessage(pV2VUART, ";");
      |                                                                        ^~~
      |                                                                        |
      |                                                                        char *
../Core/Inc/commStateMachine.h:44:79: note: expected 'unsigned char *' but argument is of type 'char *'
   44 | void vCommStateMachineSendMessage (UART_HandleTypeDef * huart, unsigned char* ucMessage);
      |                                                                ~~~~~~~~~~~~~~~^~~~~~~~~
../Core/Src/commStateMachine.c:352:72: warning: pointer targets in passing argument 2 of 'vCommStateMachineSendMessage' differ in signedness [-Wpointer-sign]
  352 |                                 vCommStateMachineSendMessage(pV2VUART, "#sf");
      |                                                                        ^~~~~
      |                                                                        |
      |                                                                        char *
../Core/Inc/commStateMachine.h:44:79: note: expected 'unsigned char *' but argument is of type 'char *'
   44 | void vCommStateMachineSendMessage (UART_HandleTypeDef * huart, unsigned char* ucMessage);
      |                                                                ~~~~~~~~~~~~~~~^~~~~~~~~
../Core/Src/commStateMachine.c:353:72: warning: passing argument 2 of 'vCommStateMachineSendMessage' from incompatible pointer type [-Wincompatible-pointer-types]
  353 |                                 vCommStateMachineSendMessage(pV2VUART, &ucValue);
      |                                                                        ^~~~~~~~
      |                                                                        |
      |                                                                        unsigned char (*)[8]
../Core/Inc/commStateMachine.h:44:79: note: expected 'unsigned char *' but argument is of type 'unsigned char (*)[8]'
   44 | void vCommStateMachineSendMessage (UART_HandleTypeDef * huart, unsigned char* ucMessage);
      |                                                                ~~~~~~~~~~~~~~~^~~~~~~~~
../Core/Src/commStateMachine.c:354:72: warning: pointer targets in passing argument 2 of 'vCommStateMachineSendMessage' differ in signedness [-Wpointer-sign]
  354 |                                 vCommStateMachineSendMessage(pV2VUART, ";");
      |                                                                        ^~~
      |                                                                        |
      |                                                                        char *
../Core/Inc/commStateMachine.h:44:79: note: expected 'unsigned char *' but argument is of type 'char *'
   44 | void vCommStateMachineSendMessage (UART_HandleTypeDef * huart, unsigned char* ucMessage);
      |                                                                ~~~~~~~~~~~~~~~^~~~~~~~~
../Core/Src/commStateMachine.c:294:14: warning: unused variable 'cAux' [-Wunused-variable]
  294 |         char cAux;
      |              ^~~~
../Core/Src/commStateMachine.c: In function 'fCommStateMachineStringToFloat':
../Core/Src/commStateMachine.c:381:30: warning: pointer targets in passing argument 1 of 'atof' differ in signedness [-Wpointer-sign]
  381 |         fInputNumber = atof (ucValue);
      |                              ^~~~~~~
      |                              |
      |                              unsigned char *
In file included from ../Core/Inc/communication.h:16,
                 from ../Core/Src/commStateMachine.c:40:
C:\ST\STM32CubeIDE_1.16.0\STM32CubeIDE\plugins\com.st.stm32cube.ide.mcu.externaltools.gnu-tools-for-stm32.12.3.rel1.win32_1.0.200.202406191623\tools\bin/../lib/gcc/arm-none-eabi/12.3.1/../../../../arm-none-eabi/include/stdlib.h:77:27: note: expected 'const char *' but argument is of type 'unsigned char *'
   77 | double  atof (const char *__nptr);
      |               ~~~~~~~~~~~~^~~~~~
../Core/Src/commStateMachine.c: In function 'vCommStateMachineSendMessage':
../Core/Src/commStateMachine.c:451:23: warning: variable 'a' set but not used [-Wunused-but-set-variable]
  451 |         unsigned char a;
      |                       ^
arm-none-eabi-gcc -o "Carro Seguidor.elf" @"objects.list"   -mcpu=cortex-m4 -T"C:\Users\jvmen\Documents\ES070-2024-GrupoA2\codes\Carro Seguidor\STM32G474RETX_FLASH.ld" --specs=nosys.specs -Wl,-Map="Carro Seguidor.map" -Wl,--gc-sections -static --specs=nano.specs -mfpu=fpv4-sp-d16 -mfloat-abi=hard -mthumb -Wl,--start-group -lc -lm -Wl,--end-group
C:/ST/STM32CubeIDE_1.16.0/STM32CubeIDE/plugins/com.st.stm32cube.ide.mcu.externaltools.gnu-tools-for-stm32.12.3.rel1.win32_1.0.200.202406191623/tools/bin/../lib/gcc/arm-none-eabi/12.3.1/../../../../arm-none-eabi/bin/ld.exe: warning: Carro Seguidor.elf has a LOAD segment with RWX permissions
Finished building target: Carro Seguidor.elf
 
arm-none-eabi-size  Carro\ Seguidor.elf 
arm-none-eabi-objdump -h -S Carro\ Seguidor.elf  > "Carro Seguidor.list"
   text	   data	    bss	    dec	    hex	filename
  64436	    532	   4544	  69512	  10f88	Carro Seguidor.elf
Finished building: default.size.stdout
 
Finished building: Carro Seguidor.list
 
21:02:50 **** Incremental Build of configuration Debug for project Carro Seguidor ****
make -j16 all 
arm-none-eabi-size  Carro\ Seguidor.elf 
   text	   data	    bss	    dec	    hex	filename
  64436	    532	   4544	  69512	  10f88	Carro Seguidor.elf
Finished building: default.size.stdout
 
21:04:35 **** Incremental Build of configuration Debug for project Carro Seguidor ****
make -j16 all 
arm-none-eabi-gcc "../Core/Src/commStateMachine.c" -mcpu=cortex-m4 -std=gnu11 -g3 -DDEBUG -DUSE_HAL_DRIVER -DSTM32G474xx -c -I../Core/Inc -I../Drivers/STM32G4xx_HAL_Driver/Inc -I../Drivers/STM32G4xx_HAL_Driver/Inc/Legacy -I../Drivers/CMSIS/Device/ST/STM32G4xx/Include -I../Drivers/CMSIS/Include -O0 -ffunction-sections -fdata-sections -Wall -fstack-usage -fcyclomatic-complexity -MMD -MP -MF"Core/Src/commStateMachine.d" -MT"Core/Src/commStateMachine.o" --specs=nano.specs -mfpu=fpv4-sp-d16 -mfloat-abi=hard -mthumb -o "Core/Src/commStateMachine.o"
../Core/Src/commStateMachine.c: In function 'HAL_UART_RxCpltCallback':
../Core/Src/commStateMachine.c:168:92: warning: passing argument 2 of 'vCommStateMachineSetParam' from incompatible pointer type [-Wincompatible-pointer-types]
  168 |                                                         vCommStateMachineSetParam(ucParam, &ucValue);
      |                                                                                            ^~~~~~~~
      |                                                                                            |
      |                                                                                            unsigned char (*)[8]
In file included from ../Core/Src/commStateMachine.c:38:
../Core/Inc/commStateMachine.h:37:71: note: expected 'unsigned char *' but argument is of type 'unsigned char (*)[8]'
   37 | void vCommStateMachineSetParam(unsigned char ucParam, unsigned char * pValue);
      |                                                       ~~~~~~~~~~~~~~~~^~~~~~
../Core/Src/commStateMachine.c:182:112: warning: passing argument 2 of 'vCommStateMachineSendMessage' from incompatible pointer type [-Wincompatible-pointer-types]
  182 |                                                         vCommStateMachineSendMessage(pBluetoothControllerUART, &ucValue);
      |                                                                                                                ^~~~~~~~
      |                                                                                                                |
      |                                                                                                                unsigned char (*)[8]
../Core/Inc/commStateMachine.h:44:79: note: expected 'unsigned char *' but argument is of type 'unsigned char (*)[8]'
   44 | void vCommStateMachineSendMessage (UART_HandleTypeDef * huart, unsigned char* ucMessage);
      |                                                                ~~~~~~~~~~~~~~~^~~~~~~~~
../Core/Src/commStateMachine.c: In function 'vCommStateMachineReturnParam':
../Core/Src/commStateMachine.c:220:88: warning: pointer targets in passing argument 2 of 'vCommStateMachineSendMessage' differ in signedness [-Wpointer-sign]
  220 |                                 vCommStateMachineSendMessage(pBluetoothControllerUART, pMessage);
      |                                                                                        ^~~~~~~~
      |                                                                                        |
      |                                                                                        char *
../Core/Inc/commStateMachine.h:44:79: note: expected 'unsigned char *' but argument is of type 'char *'
   44 | void vCommStateMachineSendMessage (UART_HandleTypeDef * huart, unsigned char* ucMessage);
      |                                                                ~~~~~~~~~~~~~~~^~~~~~~~~
../Core/Src/commStateMachine.c:224:88: warning: pointer targets in passing argument 2 of 'vCommStateMachineSendMessage' differ in signedness [-Wpointer-sign]
  224 |                                 vCommStateMachineSendMessage(pBluetoothControllerUART, pMessage);
      |                                                                                        ^~~~~~~~
      |                                                                                        |
      |                                                                                        char *
../Core/Inc/commStateMachine.h:44:79: note: expected 'unsigned char *' but argument is of type 'char *'
   44 | void vCommStateMachineSendMessage (UART_HandleTypeDef * huart, unsigned char* ucMessage);
      |                                                                ~~~~~~~~~~~~~~~^~~~~~~~~
../Core/Src/commStateMachine.c:228:88: warning: pointer targets in passing argument 2 of 'vCommStateMachineSendMessage' differ in signedness [-Wpointer-sign]
  228 |                                 vCommStateMachineSendMessage(pBluetoothControllerUART, pMessage);
      |                                                                                        ^~~~~~~~
      |                                                                                        |
      |                                                                                        char *
../Core/Inc/commStateMachine.h:44:79: note: expected 'unsigned char *' but argument is of type 'char *'
   44 | void vCommStateMachineSendMessage (UART_HandleTypeDef * huart, unsigned char* ucMessage);
      |                                                                ~~~~~~~~~~~~~~~^~~~~~~~~
../Core/Src/commStateMachine.c:232:88: warning: pointer targets in passing argument 2 of 'vCommStateMachineSendMessage' differ in signedness [-Wpointer-sign]
  232 |                                 vCommStateMachineSendMessage(pBluetoothControllerUART, pMessage);
      |                                                                                        ^~~~~~~~
      |                                                                                        |
      |                                                                                        char *
../Core/Inc/commStateMachine.h:44:79: note: expected 'unsigned char *' but argument is of type 'char *'
   44 | void vCommStateMachineSendMessage (UART_HandleTypeDef * huart, unsigned char* ucMessage);
      |                                                                ~~~~~~~~~~~~~~~^~~~~~~~~
../Core/Src/commStateMachine.c:236:88: warning: pointer targets in passing argument 2 of 'vCommStateMachineSendMessage' differ in signedness [-Wpointer-sign]
  236 |                                 vCommStateMachineSendMessage(pBluetoothControllerUART, pMessage);
      |                                                                                        ^~~~~~~~
      |                                                                                        |
      |                                                                                        char *
../Core/Inc/commStateMachine.h:44:79: note: expected 'unsigned char *' but argument is of type 'char *'
   44 | void vCommStateMachineSendMessage (UART_HandleTypeDef * huart, unsigned char* ucMessage);
      |                                                                ~~~~~~~~~~~~~~~^~~~~~~~~
../Core/Src/commStateMachine.c:240:88: warning: pointer targets in passing argument 2 of 'vCommStateMachineSendMessage' differ in signedness [-Wpointer-sign]
  240 |                                 vCommStateMachineSendMessage(pBluetoothControllerUART, pMessage);
      |                                                                                        ^~~~~~~~
      |                                                                                        |
      |                                                                                        char *
../Core/Inc/commStateMachine.h:44:79: note: expected 'unsigned char *' but argument is of type 'char *'
   44 | void vCommStateMachineSendMessage (UART_HandleTypeDef * huart, unsigned char* ucMessage);
      |                                                                ~~~~~~~~~~~~~~~^~~~~~~~~
../Core/Src/commStateMachine.c:244:88: warning: pointer targets in passing argument 2 of 'vCommStateMachineSendMessage' differ in signedness [-Wpointer-sign]
  244 |                                 vCommStateMachineSendMessage(pBluetoothControllerUART, pMessage);
      |                                                                                        ^~~~~~~~
      |                                                                                        |
      |                                                                                        char *
../Core/Inc/commStateMachine.h:44:79: note: expected 'unsigned char *' but argument is of type 'char *'
   44 | void vCommStateMachineSendMessage (UART_HandleTypeDef * huart, unsigned char* ucMessage);
      |                                                                ~~~~~~~~~~~~~~~^~~~~~~~~
../Core/Src/commStateMachine.c:248:88: warning: pointer targets in passing argument 2 of 'vCommStateMachineSendMessage' differ in signedness [-Wpointer-sign]
  248 |                                 vCommStateMachineSendMessage(pBluetoothControllerUART, pMessage);
      |                                                                                        ^~~~~~~~
      |                                                                                        |
      |                                                                                        char *
../Core/Inc/commStateMachine.h:44:79: note: expected 'unsigned char *' but argument is of type 'char *'
   44 | void vCommStateMachineSendMessage (UART_HandleTypeDef * huart, unsigned char* ucMessage);
      |                                                                ~~~~~~~~~~~~~~~^~~~~~~~~
../Core/Src/commStateMachine.c:255:72: warning: pointer targets in passing argument 2 of 'vCommStateMachineSendMessage' differ in signedness [-Wpointer-sign]
  255 |                                 vCommStateMachineSendMessage(pV2VUART, "#gl;");
      |                                                                        ^~~~~~
      |                                                                        |
      |                                                                        char *
../Core/Inc/commStateMachine.h:44:79: note: expected 'unsigned char *' but argument is of type 'char *'
   44 | void vCommStateMachineSendMessage (UART_HandleTypeDef * huart, unsigned char* ucMessage);
      |                                                                ~~~~~~~~~~~~~~~^~~~~~~~~
../Core/Src/commStateMachine.c:258:72: warning: pointer targets in passing argument 2 of 'vCommStateMachineSendMessage' differ in signedness [-Wpointer-sign]
  258 |                                 vCommStateMachineSendMessage(pV2VUART, "#gr;");
      |                                                                        ^~~~~~
      |                                                                        |
      |                                                                        char *
../Core/Inc/commStateMachine.h:44:79: note: expected 'unsigned char *' but argument is of type 'char *'
   44 | void vCommStateMachineSendMessage (UART_HandleTypeDef * huart, unsigned char* ucMessage);
      |                                                                ~~~~~~~~~~~~~~~^~~~~~~~~
../Core/Src/commStateMachine.c:261:72: warning: pointer targets in passing argument 2 of 'vCommStateMachineSendMessage' differ in signedness [-Wpointer-sign]
  261 |                                 vCommStateMachineSendMessage(pV2VUART, "#ga;");
      |                                                                        ^~~~~~
      |                                                                        |
      |                                                                        char *
../Core/Inc/commStateMachine.h:44:79: note: expected 'unsigned char *' but argument is of type 'char *'
   44 | void vCommStateMachineSendMessage (UART_HandleTypeDef * huart, unsigned char* ucMessage);
      |                                                                ~~~~~~~~~~~~~~~^~~~~~~~~
../Core/Src/commStateMachine.c:267:72: warning: pointer targets in passing argument 2 of 'vCommStateMachineSendMessage' differ in signedness [-Wpointer-sign]
  267 |                                 vCommStateMachineSendMessage(pV2VUART, "#gb;");
      |                                                                        ^~~~~~
      |                                                                        |
      |                                                                        char *
../Core/Inc/commStateMachine.h:44:79: note: expected 'unsigned char *' but argument is of type 'char *'
   44 | void vCommStateMachineSendMessage (UART_HandleTypeDef * huart, unsigned char* ucMessage);
      |                                                                ~~~~~~~~~~~~~~~^~~~~~~~~
../Core/Src/commStateMachine.c:270:72: warning: pointer targets in passing argument 2 of 'vCommStateMachineSendMessage' differ in signedness [-Wpointer-sign]
  270 |                                 vCommStateMachineSendMessage(pV2VUART, "#gc;");
      |                                                                        ^~~~~~
      |                                                                        |
      |                                                                        char *
../Core/Inc/commStateMachine.h:44:79: note: expected 'unsigned char *' but argument is of type 'char *'
   44 | void vCommStateMachineSendMessage (UART_HandleTypeDef * huart, unsigned char* ucMessage);
      |                                                                ~~~~~~~~~~~~~~~^~~~~~~~~
../Core/Src/commStateMachine.c:273:72: warning: pointer targets in passing argument 2 of 'vCommStateMachineSendMessage' differ in signedness [-Wpointer-sign]
  273 |                                 vCommStateMachineSendMessage(pV2VUART, "#gd;");
      |                                                                        ^~~~~~
      |                                                                        |
      |                                                                        char *
../Core/Inc/commStateMachine.h:44:79: note: expected 'unsigned char *' but argument is of type 'char *'
   44 | void vCommStateMachineSendMessage (UART_HandleTypeDef * huart, unsigned char* ucMessage);
      |                                                                ~~~~~~~~~~~~~~~^~~~~~~~~
../Core/Src/commStateMachine.c:276:72: warning: pointer targets in passing argument 2 of 'vCommStateMachineSendMessage' differ in signedness [-Wpointer-sign]
  276 |                                 vCommStateMachineSendMessage(pV2VUART, "#ge;");
      |                                                                        ^~~~~~
      |                                                                        |
      |                                                                        char *
../Core/Inc/commStateMachine.h:44:79: note: expected 'unsigned char *' but argument is of type 'char *'
   44 | void vCommStateMachineSendMessage (UART_HandleTypeDef * huart, unsigned char* ucMessage);
      |                                                                ~~~~~~~~~~~~~~~^~~~~~~~~
../Core/Src/commStateMachine.c:279:72: warning: pointer targets in passing argument 2 of 'vCommStateMachineSendMessage' differ in signedness [-Wpointer-sign]
  279 |                                 vCommStateMachineSendMessage(pV2VUART, "#gf;");
      |                                                                        ^~~~~~
      |                                                                        |
      |                                                                        char *
../Core/Inc/commStateMachine.h:44:79: note: expected 'unsigned char *' but argument is of type 'char *'
   44 | void vCommStateMachineSendMessage (UART_HandleTypeDef * huart, unsigned char* ucMessage);
      |                                                                ~~~~~~~~~~~~~~~^~~~~~~~~
../Core/Src/commStateMachine.c:213:23: warning: unused variable 'ucValuev2v' [-Wunused-variable]
  213 |         unsigned char ucValuev2v[MAX_VALUE_LENGTH];
      |                       ^~~~~~~~~~
../Core/Src/commStateMachine.c:212:23: warning: unused variable 'ucValue' [-Wunused-variable]
  212 |         unsigned char ucValue[MAX_VALUE_LENGTH];
      |                       ^~~~~~~
[...]
      |                                                                ~~~~~~~~~~~~~~~^~~~~~~~~
../Core/Src/commStateMachine.c:267:72: warning: pointer targets in passing argument 2 of 'vCommStateMachineSendMessage' differ in signedness [-Wpointer-sign]
  267 |                                 vCommStateMachineSendMessage(pV2VUART, "#gc;");
      |                                                                        ^~~~~~
      |                                                                        |
      |                                                                        char *
../Core/Inc/commStateMachine.h:44:79: note: expected 'unsigned char *' but argument is of type 'char *'
   44 | void vCommStateMachineSendMessage (UART_HandleTypeDef * huart, unsigned char* ucMessage);
      |                                                                ~~~~~~~~~~~~~~~^~~~~~~~~
../Core/Src/commStateMachine.c:270:72: warning: pointer targets in passing argument 2 of 'vCommStateMachineSendMessage' differ in signedness [-Wpointer-sign]
  270 |                                 vCommStateMachineSendMessage(pV2VUART, "#gd;");
      |                                                                        ^~~~~~
      |                                                                        |
      |                                                                        char *
../Core/Inc/commStateMachine.h:44:79: note: expected 'unsigned char *' but argument is of type 'char *'
   44 | void vCommStateMachineSendMessage (UART_HandleTypeDef * huart, unsigned char* ucMessage);
      |                                                                ~~~~~~~~~~~~~~~^~~~~~~~~
../Core/Src/commStateMachine.c:273:72: warning: pointer targets in passing argument 2 of 'vCommStateMachineSendMessage' differ in signedness [-Wpointer-sign]
  273 |                                 vCommStateMachineSendMessage(pV2VUART, "#ge;");
      |                                                                        ^~~~~~
      |                                                                        |
      |                                                                        char *
../Core/Inc/commStateMachine.h:44:79: note: expected 'unsigned char *' but argument is of type 'char *'
   44 | void vCommStateMachineSendMessage (UART_HandleTypeDef * huart, unsigned char* ucMessage);
      |                                                                ~~~~~~~~~~~~~~~^~~~~~~~~
../Core/Src/commStateMachine.c:276:72: warning: pointer targets in passing argument 2 of 'vCommStateMachineSendMessage' differ in signedness [-Wpointer-sign]
  276 |                                 vCommStateMachineSendMessage(pV2VUART, "#gf;");
      |                                                                        ^~~~~~
      |                                                                        |
      |                                                                        char *
../Core/Inc/commStateMachine.h:44:79: note: expected 'unsigned char *' but argument is of type 'char *'
   44 | void vCommStateMachineSendMessage (UART_HandleTypeDef * huart, unsigned char* ucMessage);
      |                                                                ~~~~~~~~~~~~~~~^~~~~~~~~
../Core/Src/commStateMachine.c:279:72: warning: pointer targets in passing argument 2 of 'vCommStateMachineSendMessage' differ in signedness [-Wpointer-sign]
  279 |                                 vCommStateMachineSendMessage(pV2VUART, "#gv;");
      |                                                                        ^~~~~~
      |                                                                        |
      |                                                                        char *
../Core/Inc/commStateMachine.h:44:79: note: expected 'unsigned char *' but argument is of type 'char *'
   44 | void vCommStateMachineSendMessage (UART_HandleTypeDef * huart, unsigned char* ucMessage);
      |                                                                ~~~~~~~~~~~~~~~^~~~~~~~~
../Core/Src/commStateMachine.c:213:23: warning: unused variable 'ucValuev2v' [-Wunused-variable]
  213 |         unsigned char ucValuev2v[MAX_VALUE_LENGTH];
      |                       ^~~~~~~~~~
../Core/Src/commStateMachine.c:212:23: warning: unused variable 'ucValue' [-Wunused-variable]
  212 |         unsigned char ucValue[MAX_VALUE_LENGTH];
      |                       ^~~~~~~
../Core/Src/commStateMachine.c: In function 'vCommStateMachineSetParam':
../Core/Src/commStateMachine.c:327:72: warning: pointer targets in passing argument 2 of 'vCommStateMachineSendMessage' differ in signedness [-Wpointer-sign]
  327 |                                 vCommStateMachineSendMessage(pV2VUART, "#sa");
      |                                                                        ^~~~~
      |                                                                        |
      |                                                                        char *
../Core/Inc/commStateMachine.h:44:79: note: expected 'unsigned char *' but argument is of type 'char *'
   44 | void vCommStateMachineSendMessage (UART_HandleTypeDef * huart, unsigned char* ucMessage);
      |                                                                ~~~~~~~~~~~~~~~^~~~~~~~~
../Core/Src/commStateMachine.c:329:72: warning: pointer targets in passing argument 2 of 'vCommStateMachineSendMessage' differ in signedness [-Wpointer-sign]
  329 |                                 vCommStateMachineSendMessage(pV2VUART, ";");
      |                                                                        ^~~
      |                                                                        |
      |                                                                        char *
../Core/Inc/commStateMachine.h:44:79: note: expected 'unsigned char *' but argument is of type 'char *'
   44 | void vCommStateMachineSendMessage (UART_HandleTypeDef * huart, unsigned char* ucMessage);
      |                                                                ~~~~~~~~~~~~~~~^~~~~~~~~
../Core/Src/commStateMachine.c:332:72: warning: pointer targets in passing argument 2 of 'vCommStateMachineSendMessage' differ in signedness [-Wpointer-sign]
  332 |                                 vCommStateMachineSendMessage(pV2VUART, "#sb");
      |                                                                        ^~~~~
      |                                                                        |
      |                                                                        char *
../Core/Inc/commStateMachine.h:44:79: note: expected 'unsigned char *' but argument is of type 'char *'
   44 | void vCommStateMachineSendMessage (UART_HandleTypeDef * huart, unsigned char* ucMessage);
      |                                                                ~~~~~~~~~~~~~~~^~~~~~~~~
../Core/Src/commStateMachine.c:334:72: warning: pointer targets in passing argument 2 of 'vCommStateMachineSendMessage' differ in signedness [-Wpointer-sign]
  334 |                                 vCommStateMachineSendMessage(pV2VUART, ";");
      |                                                                        ^~~
      |                                                                        |
      |                                                                        char *
../Core/Inc/commStateMachine.h:44:79: note: expected 'unsigned char *' but argument is of type 'char *'
   44 | void vCommStateMachineSendMessage (UART_HandleTypeDef * huart, unsigned char* ucMessage);
      |                                                                ~~~~~~~~~~~~~~~^~~~~~~~~
../Core/Src/commStateMachine.c:337:72: warning: pointer targets in passing argument 2 of 'vCommStateMachineSendMessage' differ in signedness [-Wpointer-sign]
  337 |                                 vCommStateMachineSendMessage(pV2VUART, "#sc");
      |                                                                        ^~~~~
      |                                                                        |
      |                                                                        char *
../Core/Inc/commStateMachine.h:44:79: note: expected 'unsigned char *' but argument is of type 'char *'
   44 | void vCommStateMachineSendMessage (UART_HandleTypeDef * huart, unsigned char* ucMessage);
      |                                                                ~~~~~~~~~~~~~~~^~~~~~~~~
../Core/Src/commStateMachine.c:339:72: warning: pointer targets in passing argument 2 of 'vCommStateMachineSendMessage' differ in signedness [-Wpointer-sign]
  339 |                                 vCommStateMachineSendMessage(pV2VUART, ";");
      |                                                                        ^~~
      |                                                                        |
      |                                                                        char *
../Core/Inc/commStateMachine.h:44:79: note: expected 'unsigned char *' but argument is of type 'char *'
   44 | void vCommStateMachineSendMessage (UART_HandleTypeDef * huart, unsigned char* ucMessage);
      |                                                                ~~~~~~~~~~~~~~~^~~~~~~~~
../Core/Src/commStateMachine.c:342:72: warning: pointer targets in passing argument 2 of 'vCommStateMachineSendMessage' differ in signedness [-Wpointer-sign]
  342 |                                 vCommStateMachineSendMessage(pV2VUART, "#sd");
      |                                                                        ^~~~~
      |                                                                        |
      |                                                                        char *
../Core/Inc/commStateMachine.h:44:79: note: expected 'unsigned char *' but argument is of type 'char *'
   44 | void vCommStateMachineSendMessage (UART_HandleTypeDef * huart, unsigned char* ucMessage);
      |                                                                ~~~~~~~~~~~~~~~^~~~~~~~~
../Core/Src/commStateMachine.c:344:72: warning: pointer targets in passing argument 2 of 'vCommStateMachineSendMessage' differ in signedness [-Wpointer-sign]
  344 |                                 vCommStateMachineSendMessage(pV2VUART, ";");
      |                                                                        ^~~
      |                                                                        |
      |                                                                        char *
../Core/Inc/commStateMachine.h:44:79: note: expected 'unsigned char *' but argument is of type 'char *'
   44 | void vCommStateMachineSendMessage (UART_HandleTypeDef * huart, unsigned char* ucMessage);
      |                                                                ~~~~~~~~~~~~~~~^~~~~~~~~
../Core/Src/commStateMachine.c:347:72: warning: pointer targets in passing argument 2 of 'vCommStateMachineSendMessage' differ in signedness [-Wpointer-sign]
  347 |                                 vCommStateMachineSendMessage(pV2VUART, "#se");
      |                                                                        ^~~~~
      |                                                                        |
      |                                                                        char *
../Core/Inc/commStateMachine.h:44:79: note: expected 'unsigned char *' but argument is of type 'char *'
   44 | void vCommStateMachineSendMessage (UART_HandleTypeDef * huart, unsigned char* ucMessage);
      |                                                                ~~~~~~~~~~~~~~~^~~~~~~~~
../Core/Src/commStateMachine.c:349:72: warning: pointer targets in passing argument 2 of 'vCommStateMachineSendMessage' differ in signedness [-Wpointer-sign]
  349 |                                 vCommStateMachineSendMessage(pV2VUART, ";");
      |                                                                        ^~~
      |                                                                        |
      |                                                                        char *
../Core/Inc/commStateMachine.h:44:79: note: expected 'unsigned char *' but argument is of type 'char *'
   44 | void vCommStateMachineSendMessage (UART_HandleTypeDef * huart, unsigned char* ucMessage);
      |                                                                ~~~~~~~~~~~~~~~^~~~~~~~~
../Core/Src/commStateMachine.c:352:72: warning: pointer targets in passing argument 2 of 'vCommStateMachineSendMessage' differ in signedness [-Wpointer-sign]
  352 |                                 vCommStateMachineSendMessage(pV2VUART, "#sf");
      |                                                                        ^~~~~
      |                                                                        |
      |                                                                        char *
../Core/Inc/commStateMachine.h:44:79: note: expected 'unsigned char *' but argument is of type 'char *'
   44 | void vCommStateMachineSendMessage (UART_HandleTypeDef * huart, unsigned char* ucMessage);
      |                                                                ~~~~~~~~~~~~~~~^~~~~~~~~
../Core/Src/commStateMachine.c:354:72: warning: pointer targets in passing argument 2 of 'vCommStateMachineSendMessage' differ in signedness [-Wpointer-sign]
  354 |                                 vCommStateMachineSendMessage(pV2VUART, ";");
      |                                                                        ^~~
      |                                                                        |
      |                                                                        char *
../Core/Inc/commStateMachine.h:44:79: note: expected 'unsigned char *' but argument is of type 'char *'
   44 | void vCommStateMachineSendMessage (UART_HandleTypeDef * huart, unsigned char* ucMessage);
      |                                                                ~~~~~~~~~~~~~~~^~~~~~~~~
../Core/Src/commStateMachine.c:357:72: warning: pointer targets in passing argument 2 of 'vCommStateMachineSendMessage' differ in signedness [-Wpointer-sign]
  357 |                                 vCommStateMachineSendMessage(pV2VUART, "#sv");
      |                                                                        ^~~~~
      |                                                                        |
      |                                                                        char *
../Core/Inc/commStateMachine.h:44:79: note: expected 'unsigned char *' but argument is of type 'char *'
   44 | void vCommStateMachineSendMessage (UART_HandleTypeDef * huart, unsigned char* ucMessage);
      |                                                                ~~~~~~~~~~~~~~~^~~~~~~~~
../Core/Src/commStateMachine.c:359:72: warning: pointer targets in passing argument 2 of 'vCommStateMachineSendMessage' differ in signedness [-Wpointer-sign]
  359 |                                 vCommStateMachineSendMessage(pV2VUART, ";");
      |                                                                        ^~~
      |                                                                        |
      |                                                                        char *
../Core/Inc/commStateMachine.h:44:79: note: expected 'unsigned char *' but argument is of type 'char *'
   44 | void vCommStateMachineSendMessage (UART_HandleTypeDef * huart, unsigned char* ucMessage);
      |                                                                ~~~~~~~~~~~~~~~^~~~~~~~~
../Core/Src/commStateMachine.c:294:14: warning: unused variable 'cAux' [-Wunused-variable]
  294 |         char cAux;
      |              ^~~~
../Core/Src/commStateMachine.c: In function 'fCommStateMachineStringToFloat':
../Core/Src/main.c: In function 'main':
../Core/Src/commStateMachine.c:387:30: warning: pointer targets in passing argument 1 of 'atof' differ in signedness [-Wpointer-sign]
  387 |         fInputNumber = atof (ucValue);
      |                              ^~~~~~~
      |                              |
      |                              unsigned char *
In file included from ../Core/Inc/communication.h:16,
                 from ../Core/Src/commStateMachine.c:40:
C:\ST\STM32CubeIDE_1.16.0\STM32CubeIDE\plugins\com.st.stm32cube.ide.mcu.externaltools.gnu-tools-for-stm32.12.3.rel1.win32_1.0.200.202406191623\tools\bin/../lib/gcc/arm-none-eabi/12.3.1/../../../../arm-none-eabi/include/stdlib.h:77:27: note: expected 'const char *' but argument is of type 'unsigned char *'
   77 | double  atof (const char *__nptr);
      |               ~~~~~~~~~~~~^~~~~~
../Core/Src/main.c:175:3: warning: implicit declaration of function 'vCommStateMachineInit' [-Wimplicit-function-declaration]
  175 |   vCommStateMachineInit(pBleCtrlMain, pV2V);
      |   ^~~~~~~~~~~~~~~~~~~~~
../Core/Src/commStateMachine.c: In function 'vCommStateMachineSendMessage':
../Core/Src/commStateMachine.c:457:23: warning: variable 'a' set but not used [-Wunused-but-set-variable]
  457 |         unsigned char a;
      |                       ^
../Core/Src/main.c:133:38: warning: unused variable 'ucLCD1Msg' [-Wunused-variable]
  133 |         unsigned char ucLCD0Msg[17], ucLCD1Msg[17];
      |                                      ^~~~~~~~~
arm-none-eabi-gcc -o "Carro Seguidor.elf" @"objects.list"   -mcpu=cortex-m4 -T"C:\Users\jvmen\Documents\ES070-2024-GrupoA2\codes\Carro Seguidor\STM32G474RETX_FLASH.ld" --specs=nosys.specs -Wl,-Map="Carro Seguidor.map" -Wl,--gc-sections -static --specs=nano.specs -mfpu=fpv4-sp-d16 -mfloat-abi=hard -mthumb -Wl,--start-group -lc -lm -Wl,--end-group
C:/ST/STM32CubeIDE_1.16.0/STM32CubeIDE/plugins/com.st.stm32cube.ide.mcu.externaltools.gnu-tools-for-stm32.12.3.rel1.win32_1.0.200.202406191623/tools/bin/../lib/gcc/arm-none-eabi/12.3.1/../../../../arm-none-eabi/bin/ld.exe: warning: Carro Seguidor.elf has a LOAD segment with RWX permissions
Finished building target: Carro Seguidor.elf
 
arm-none-eabi-size  Carro\ Seguidor.elf 
arm-none-eabi-objdump -h -S Carro\ Seguidor.elf  > "Carro Seguidor.list"
   text	   data	    bss	    dec	    hex	filename
  64540	    532	   4544	  69616	  10ff0	Carro Seguidor.elf
Finished building: default.size.stdout
 
Finished building: Carro Seguidor.list
 
21:38:02 **** Incremental Build of configuration Debug for project Carro Seguidor ****
make -j16 all 
arm-none-eabi-gcc "../Core/Src/bleCmd.c" -mcpu=cortex-m4 -std=gnu11 -g3 -DDEBUG -DUSE_HAL_DRIVER -DSTM32G474xx -c -I../Core/Inc -I../Drivers/STM32G4xx_HAL_Driver/Inc -I../Drivers/STM32G4xx_HAL_Driver/Inc/Legacy -I../Drivers/CMSIS/Device/ST/STM32G4xx/Include -I../Drivers/CMSIS/Include -O0 -ffunction-sections -fdata-sections -Wall -fstack-usage -fcyclomatic-complexity -MMD -MP -MF"Core/Src/bleCmd.d" -MT"Core/Src/bleCmd.o" --specs=nano.specs -mfpu=fpv4-sp-d16 -mfloat-abi=hard -mthumb -o "Core/Src/bleCmd.o"
arm-none-eabi-gcc -o "Carro Seguidor.elf" @"objects.list"   -mcpu=cortex-m4 -T"C:\Users\jvmen\Documents\ES070-2024-GrupoA2\codes\Carro Seguidor\STM32G474RETX_FLASH.ld" --specs=nosys.specs -Wl,-Map="Carro Seguidor.map" -Wl,--gc-sections -static --specs=nano.specs -mfpu=fpv4-sp-d16 -mfloat-abi=hard -mthumb -Wl,--start-group -lc -lm -Wl,--end-group
C:/ST/STM32CubeIDE_1.16.0/STM32CubeIDE/plugins/com.st.stm32cube.ide.mcu.externaltools.gnu-tools-for-stm32.12.3.rel1.win32_1.0.200.202406191623/tools/bin/../lib/gcc/arm-none-eabi/12.3.1/../../../../arm-none-eabi/bin/ld.exe: warning: Carro Seguidor.elf has a LOAD segment with RWX permissions
Finished building target: Carro Seguidor.elf
 
arm-none-eabi-size  Carro\ Seguidor.elf 
arm-none-eabi-objdump -h -S Carro\ Seguidor.elf  > "Carro Seguidor.list"
   text	   data	    bss	    dec	    hex	filename
  64540	    532	   4544	  69616	  10ff0	Carro Seguidor.elf
Finished building: default.size.stdout
 
Finished building: Carro Seguidor.list
 
