17:37:53 **** Incremental Build of configuration Debug for project project_bluepill ****
make -j16 all 
arm-none-eabi-gcc "../Core/Src/main.c" -mcpu=cortex-m3 -std=gnu11 -g3 -DDEBUG -DUSE_HAL_DRIVER -DSTM32F103xB -c -I../Core/Inc -I../Drivers/STM32F1xx_HAL_Driver/Inc/Legacy -I../Drivers/STM32F1xx_HAL_Driver/Inc -I../Drivers/CMSIS/Device/ST/STM32F1xx/Include -I../Drivers/CMSIS/Include -O0 -ffunction-sections -fdata-sections -Wall -fstack-usage -fcyclomatic-complexity -MMD -MP -MF"Core/Src/main.d" -MT"Core/Src/main.o" --specs=nano.specs -mfloat-abi=soft -mthumb -o "Core/Src/main.o"
arm-none-eabi-gcc -o "project_bluepill.elf" @"objects.list"   -mcpu=cortex-m3 -T"C:\Users\jvmen\Documents\Teste bluepill\project_bluepill\STM32F103C8TX_FLASH.ld" --specs=nosys.specs -Wl,-Map="project_bluepill.map" -Wl,--gc-sections -static --specs=nano.specs -mfloat-abi=soft -mthumb -Wl,--start-group -lc -lm -Wl,--end-group
C:/ST/STM32CubeIDE_1.16.0/STM32CubeIDE/plugins/com.st.stm32cube.ide.mcu.externaltools.gnu-tools-for-stm32.12.3.rel1.win32_1.0.200.202406191623/tools/bin/../lib/gcc/arm-none-eabi/12.3.1/../../../../arm-none-eabi/bin/ld.exe: warning: project_bluepill.elf has a LOAD segment with RWX permissions
Finished building target: project_bluepill.elf
 
arm-none-eabi-size  project_bluepill.elf 
arm-none-eabi-objdump -h -S project_bluepill.elf  > "project_bluepill.list"
   text	   data	    bss	    dec	    hex	filename
  27644	    500	   2204	  30348	   768c	project_bluepill.elf
Finished building: default.size.stdout
 
Finished building: project_bluepill.list
 
17:38:01 **** Incremental Build of configuration Debug for project project_bluepill ****
make -j16 all 
arm-none-eabi-size  project_bluepill.elf 
   text	   data	    bss	    dec	    hex	filename
  27644	    500	   2204	  30348	   768c	project_bluepill.elf
Finished building: default.size.stdout
 
17:43:11 **** Incremental Build of configuration Debug for project project_bluepill ****
make -j16 all 
arm-none-eabi-size  project_bluepill.elf 
   text	   data	    bss	    dec	    hex	filename
  27644	    500	   2204	  30348	   768c	project_bluepill.elf
Finished building: default.size.stdout
 
17:49:22 **** Incremental Build of configuration Debug for project project_bluepill ****
make -j16 all 
arm-none-eabi-size  project_bluepill.elf 
   text	   data	    bss	    dec	    hex	filename
  27644	    500	   2204	  30348	   768c	project_bluepill.elf
Finished building: default.size.stdout
 
17:51:04 **** Incremental Build of configuration Debug for project Carro Seguidor ****
make -j16 all 
arm-none-eabi-gcc "../Core/Src/main.c" -mcpu=cortex-m4 -std=gnu11 -g3 -DDEBUG -DUSE_HAL_DRIVER -DSTM32G474xx -c -I../Core/Inc -I../Drivers/STM32G4xx_HAL_Driver/Inc -I../Drivers/STM32G4xx_HAL_Driver/Inc/Legacy -I../Drivers/CMSIS/Device/ST/STM32G4xx/Include -I../Drivers/CMSIS/Include -O0 -ffunction-sections -fdata-sections -Wall -fstack-usage -fcyclomatic-complexity -MMD -MP -MF"Core/Src/main.d" -MT"Core/Src/main.o" --specs=nano.specs -mfpu=fpv4-sp-d16 -mfloat-abi=hard -mthumb -o "Core/Src/main.o"
../Core/Src/main.c: In function 'main':
../Core/Src/main.c:175:3: warning: implicit declaration of function 'vCommStateMachineInit' [-Wimplicit-function-declaration]
  175 |   vCommStateMachineInit(pBleCtrlMain, pV2V);
      |   ^~~~~~~~~~~~~~~~~~~~~
../Core/Src/main.c:133:38: warning: unused variable 'ucLCD1Msg' [-Wunused-variable]
  133 |         unsigned char ucLCD0Msg[17], ucLCD1Msg[17];
      |                                      ^~~~~~~~~
arm-none-eabi-gcc -o "Carro Seguidor.elf" @"objects.list"   -mcpu=cortex-m4 -T"C:\Users\jvmen\Documents\ES070-2024-GrupoA2\codes\Carro Seguidor\STM32G474RETX_FLASH.ld" --specs=nosys.specs -Wl,-Map="Carro Seguidor.map" -Wl,--gc-sections -static --specs=nano.specs -mfpu=fpv4-sp-d16 -mfloat-abi=hard -mthumb -Wl,--start-group -lc -lm -Wl,--end-group
C:/ST/STM32CubeIDE_1.16.0/STM32CubeIDE/plugins/com.st.stm32cube.ide.mcu.externaltools.gnu-tools-for-stm32.12.3.rel1.win32_1.0.200.202406191623/tools/bin/../lib/gcc/arm-none-eabi/12.3.1/../../../../arm-none-eabi/bin/ld.exe: warning: Carro Seguidor.elf has a LOAD segment with RWX permissions
Finished building target: Carro Seguidor.elf
 
arm-none-eabi-size  Carro\ Seguidor.elf 
arm-none-eabi-objdump -h -S Carro\ Seguidor.elf  > "Carro Seguidor.list"
   text	   data	    bss	    dec	    hex	filename
  64132	    532	   4536	  69200	  10e50	Carro Seguidor.elf
Finished building: default.size.stdout
 
Finished building: Carro Seguidor.list
 
17:58:29 **** Incremental Build of configuration Debug for project Carro Seguidor ****
make -j16 all 
arm-none-eabi-size  Carro\ Seguidor.elf 
   text	   data	    bss	    dec	    hex	filename
  64132	    532	   4536	  69200	  10e50	Carro Seguidor.elf
Finished building: default.size.stdout
 
18:13:15 **** Incremental Build of configuration Debug for project Carro Seguidor ****
make -j16 all 
arm-none-eabi-gcc "../Core/Src/main.c" -mcpu=cortex-m4 -std=gnu11 -g3 -DDEBUG -DUSE_HAL_DRIVER -DSTM32G474xx -c -I../Core/Inc -I../Drivers/STM32G4xx_HAL_Driver/Inc -I../Drivers/STM32G4xx_HAL_Driver/Inc/Legacy -I../Drivers/CMSIS/Device/ST/STM32G4xx/Include -I../Drivers/CMSIS/Include -O0 -ffunction-sections -fdata-sections -Wall -fstack-usage -fcyclomatic-complexity -MMD -MP -MF"Core/Src/main.d" -MT"Core/Src/main.o" --specs=nano.specs -mfpu=fpv4-sp-d16 -mfloat-abi=hard -mthumb -o "Core/Src/main.o"
../Core/Src/main.c: In function 'main':
../Core/Src/main.c:175:3: warning: implicit declaration of function 'vCommStateMachineInit' [-Wimplicit-function-declaration]
  175 |   vCommStateMachineInit(pBleCtrlMain, pV2V);
      |   ^~~~~~~~~~~~~~~~~~~~~
../Core/Src/main.c:133:38: warning: unused variable 'ucLCD1Msg' [-Wunused-variable]
  133 |         unsigned char ucLCD0Msg[17], ucLCD1Msg[17];
      |                                      ^~~~~~~~~
arm-none-eabi-gcc -o "Carro Seguidor.elf" @"objects.list"   -mcpu=cortex-m4 -T"C:\Users\jvmen\Documents\ES070-2024-GrupoA2\codes\Carro Seguidor\STM32G474RETX_FLASH.ld" --specs=nosys.specs -Wl,-Map="Carro Seguidor.map" -Wl,--gc-sections -static --specs=nano.specs -mfpu=fpv4-sp-d16 -mfloat-abi=hard -mthumb -Wl,--start-group -lc -lm -Wl,--end-group
C:/ST/STM32CubeIDE_1.16.0/STM32CubeIDE/plugins/com.st.stm32cube.ide.mcu.externaltools.gnu-tools-for-stm32.12.3.rel1.win32_1.0.200.202406191623/tools/bin/../lib/gcc/arm-none-eabi/12.3.1/../../../../arm-none-eabi/bin/ld.exe: warning: Carro Seguidor.elf has a LOAD segment with RWX permissions
Finished building target: Carro Seguidor.elf
 
arm-none-eabi-size  Carro\ Seguidor.elf 
arm-none-eabi-objdump -h -S Carro\ Seguidor.elf  > "Carro Seguidor.list"
   text	   data	    bss	    dec	    hex	filename
  64292	    532	   4544	  69368	  10ef8	Carro Seguidor.elf
Finished building: default.size.stdout
 
Finished building: Carro Seguidor.list
 
18:27:57 **** Incremental Build of configuration Debug for project Carro Seguidor ****
make -j16 all 
arm-none-eabi-gcc "../Core/Src/main.c" -mcpu=cortex-m4 -std=gnu11 -g3 -DDEBUG -DUSE_HAL_DRIVER -DSTM32G474xx -c -I../Core/Inc -I../Drivers/STM32G4xx_HAL_Driver/Inc -I../Drivers/STM32G4xx_HAL_Driver/Inc/Legacy -I../Drivers/CMSIS/Device/ST/STM32G4xx/Include -I../Drivers/CMSIS/Include -O0 -ffunction-sections -fdata-sections -Wall -fstack-usage -fcyclomatic-complexity -MMD -MP -MF"Core/Src/main.d" -MT"Core/Src/main.o" --specs=nano.specs -mfpu=fpv4-sp-d16 -mfloat-abi=hard -mthumb -o "Core/Src/main.o"
../Core/Src/main.c: In function 'main':
../Core/Src/main.c:175:3: warning: implicit declaration of function 'vCommStateMachineInit' [-Wimplicit-function-declaration]
  175 |   vCommStateMachineInit(pBleCtrlMain, pV2V);
      |   ^~~~~~~~~~~~~~~~~~~~~
../Core/Src/main.c:133:38: warning: unused variable 'ucLCD1Msg' [-Wunused-variable]
  133 |         unsigned char ucLCD0Msg[17], ucLCD1Msg[17];
      |                                      ^~~~~~~~~
../Core/Src/main.c: In function 'HAL_TIM_IC_CaptureCallback':
../Core/Src/main.c:381:28: error: 'fDistanceFrontal' undeclared (first use in this function)
  381 |                            fDistanceFrontal=fUltrassonicoGetDistance( uiAuxDistanceUltrassonicoFrontal1 , uiAuxDistanceUltrassonicoFrontal2);
      |                            ^~~~~~~~~~~~~~~~
../Core/Src/main.c:381:28: note: each undeclared identifier is reported only once for each function it appears in
make: *** [Core/Src/subdir.mk:82: Core/Src/main.o] Error 1
"make -j16 all" terminated with exit code 2. Build might be incomplete.
18:28:15 **** Incremental Build of configuration Debug for project Carro Seguidor ****
make -j16 all 
arm-none-eabi-gcc "../Core/Src/main.c" -mcpu=cortex-m4 -std=gnu11 -g3 -DDEBUG -DUSE_HAL_DRIVER -DSTM32G474xx -c -I../Core/Inc -I../Drivers/STM32G4xx_HAL_Driver/Inc -I../Drivers/STM32G4xx_HAL_Driver/Inc/Legacy -I../Drivers/CMSIS/Device/ST/STM32G4xx/Include -I../Drivers/CMSIS/Include -O0 -ffunction-sections -fdata-sections -Wall -fstack-usage -fcyclomatic-complexity -MMD -MP -MF"Core/Src/main.d" -MT"Core/Src/main.o" --specs=nano.specs -mfpu=fpv4-sp-d16 -mfloat-abi=hard -mthumb -o "Core/Src/main.o"
../Core/Src/main.c: In function 'main':
../Core/Src/main.c:175:3: warning: implicit declaration of function 'vCommStateMachineInit' [-Wimplicit-function-declaration]
  175 |   vCommStateMachineInit(pBleCtrlMain, pV2V);
      |   ^~~~~~~~~~~~~~~~~~~~~
../Core/Src/main.c:133:38: warning: unused variable 'ucLCD1Msg' [-Wunused-variable]
  133 |         unsigned char ucLCD0Msg[17], ucLCD1Msg[17];
      |                                      ^~~~~~~~~
arm-none-eabi-gcc -o "Carro Seguidor.elf" @"objects.list"   -mcpu=cortex-m4 -T"C:\Users\jvmen\Documents\ES070-2024-GrupoA2\codes\Carro Seguidor\STM32G474RETX_FLASH.ld" --specs=nosys.specs -Wl,-Map="Carro Seguidor.map" -Wl,--gc-sections -static --specs=nano.specs -mfpu=fpv4-sp-d16 -mfloat-abi=hard -mthumb -Wl,--start-group -lc -lm -Wl,--end-group
C:/ST/STM32CubeIDE_1.16.0/STM32CubeIDE/plugins/com.st.stm32cube.ide.mcu.externaltools.gnu-tools-for-stm32.12.3.rel1.win32_1.0.200.202406191623/tools/bin/../lib/gcc/arm-none-eabi/12.3.1/../../../../arm-none-eabi/bin/ld.exe: warning: Carro Seguidor.elf has a LOAD segment with RWX permissions
Finished building target: Carro Seguidor.elf
 
arm-none-eabi-size  Carro\ Seguidor.elf 
arm-none-eabi-objdump -h -S Carro\ Seguidor.elf  > "Carro Seguidor.list"
   text	   data	    bss	    dec	    hex	filename
  64404	    532	   4544	  69480	  10f68	Carro Seguidor.elf
Finished building: default.size.stdout
 
Finished building: Carro Seguidor.list
 
18:28:59 **** Incremental Build of configuration Debug for project Carro Seguidor ****
make -j16 all 
arm-none-eabi-gcc "../Core/Src/main.c" -mcpu=cortex-m4 -std=gnu11 -g3 -DDEBUG -DUSE_HAL_DRIVER -DSTM32G474xx -c -I../Core/Inc -I../Drivers/STM32G4xx_HAL_Driver/Inc -I../Drivers/STM32G4xx_HAL_Driver/Inc/Legacy -I../Drivers/CMSIS/Device/ST/STM32G4xx/Include -I../Drivers/CMSIS/Include -O0 -ffunction-sections -fdata-sections -Wall -fstack-usage -fcyclomatic-complexity -MMD -MP -MF"Core/Src/main.d" -MT"Core/Src/main.o" --specs=nano.specs -mfpu=fpv4-sp-d16 -mfloat-abi=hard -mthumb -o "Core/Src/main.o"
../Core/Src/main.c: In function 'main':
../Core/Src/main.c:175:3: warning: implicit declaration of function 'vCommStateMachineInit' [-Wimplicit-function-declaration]
  175 |   vCommStateMachineInit(pBleCtrlMain, pV2V);
      |   ^~~~~~~~~~~~~~~~~~~~~
../Core/Src/main.c:133:38: warning: unused variable 'ucLCD1Msg' [-Wunused-variable]
  133 |         unsigned char ucLCD0Msg[17], ucLCD1Msg[17];
      |                                      ^~~~~~~~~
arm-none-eabi-gcc -o "Carro Seguidor.elf" @"objects.list"   -mcpu=cortex-m4 -T"C:\Users\jvmen\Documents\ES070-2024-GrupoA2\codes\Carro Seguidor\STM32G474RETX_FLASH.ld" --specs=nosys.specs -Wl,-Map="Carro Seguidor.map" -Wl,--gc-sections -static --specs=nano.specs -mfpu=fpv4-sp-d16 -mfloat-abi=hard -mthumb -Wl,--start-group -lc -lm -Wl,--end-group
C:/ST/STM32CubeIDE_1.16.0/STM32CubeIDE/plugins/com.st.stm32cube.ide.mcu.externaltools.gnu-tools-for-stm32.12.3.rel1.win32_1.0.200.202406191623/tools/bin/../lib/gcc/arm-none-eabi/12.3.1/../../../../arm-none-eabi/bin/ld.exe: warning: Carro Seguidor.elf has a LOAD segment with RWX permissions
Finished building target: Carro Seguidor.elf
 
arm-none-eabi-size  Carro\ Seguidor.elf 
arm-none-eabi-objdump -h -S Carro\ Seguidor.elf  > "Carro Seguidor.list"
   text	   data	    bss	    dec	    hex	filename
  64356	    532	   4544	  69432	  10f38	Carro Seguidor.elf
Finished building: default.size.stdout
 
Finished building: Carro Seguidor.list
 
18:32:00 **** Incremental Build of configuration Debug for project Carro Seguidor ****
make -j16 all 
arm-none-eabi-gcc "../Core/Src/main.c" -mcpu=cortex-m4 -std=gnu11 -g3 -DDEBUG -DUSE_HAL_DRIVER -DSTM32G474xx -c -I../Core/Inc -I../Drivers/STM32G4xx_HAL_Driver/Inc -I../Drivers/STM32G4xx_HAL_Driver/Inc/Legacy -I../Drivers/CMSIS/Device/ST/STM32G4xx/Include -I../Drivers/CMSIS/Include -O0 -ffunction-sections -fdata-sections -Wall -fstack-usage -fcyclomatic-complexity -MMD -MP -MF"Core/Src/main.d" -MT"Core/Src/main.o" --specs=nano.specs -mfpu=fpv4-sp-d16 -mfloat-abi=hard -mthumb -o "Core/Src/main.o"
../Core/Src/main.c: In function 'main':
../Core/Src/main.c:175:3: warning: implicit declaration of function 'vCommStateMachineInit' [-Wimplicit-function-declaration]
  175 |   vCommStateMachineInit(pBleCtrlMain, pV2V);
      |   ^~~~~~~~~~~~~~~~~~~~~
../Core/Src/main.c:133:38: warning: unused variable 'ucLCD1Msg' [-Wunused-variable]
  133 |         unsigned char ucLCD0Msg[17], ucLCD1Msg[17];
      |                                      ^~~~~~~~~
arm-none-eabi-gcc -o "Carro Seguidor.elf" @"objects.list"   -mcpu=cortex-m4 -T"C:\Users\jvmen\Documents\ES070-2024-GrupoA2\codes\Carro Seguidor\STM32G474RETX_FLASH.ld" --specs=nosys.specs -Wl,-Map="Carro Seguidor.map" -Wl,--gc-sections -static --specs=nano.specs -mfpu=fpv4-sp-d16 -mfloat-abi=hard -mthumb -Wl,--start-group -lc -lm -Wl,--end-group
C:/ST/STM32CubeIDE_1.16.0/STM32CubeIDE/plugins/com.st.stm32cube.ide.mcu.externaltools.gnu-tools-for-stm32.12.3.rel1.win32_1.0.200.202406191623/tools/bin/../lib/gcc/arm-none-eabi/12.3.1/../../../../arm-none-eabi/bin/ld.exe: warning: Carro Seguidor.elf has a LOAD segment with RWX permissions
Finished building target: Carro Seguidor.elf
 
arm-none-eabi-size  Carro\ Seguidor.elf 
arm-none-eabi-objdump -h -S Carro\ Seguidor.elf  > "Carro Seguidor.list"
   text	   data	    bss	    dec	    hex	filename
  64372	    532	   4544	  69448	  10f48	Carro Seguidor.elf
Finished building: default.size.stdout
 
Finished building: Carro Seguidor.list
 
18:34:30 **** Incremental Build of configuration Debug for project Carro Seguidor ****
make -j16 all 
arm-none-eabi-size  Carro\ Seguidor.elf 
   text	   data	    bss	    dec	    hex	filename
  64372	    532	   4544	  69448	  10f48	Carro Seguidor.elf
Finished building: default.size.stdout
 
